Microchip MPLAB XC8 Compiler V2.32

Linker command line:

-W-3 --edf=C:\Program Files\Microchip\xc8\v2.32\pic\dat\en_msgs.txt -cn \
  -h+dist/default/production\Point_Sensor_v1.4.2___.production.sym \
  --cmf=dist/default/production\Point_Sensor_v1.4.2___.production.cmf -z \
  -Q18F26K40 -oC:\Users\amers\AppData\Local\Temp\xcAs768.4 \
  --defsym=__MPLAB_BUILD=1 \
  -Mdist/default/production/Point_Sensor_v1.4.2___.production.map -E1 \
  -ver=XC8 Compiler --acfsm=1493 -ASTACK=03A0h-0E87h -pstack=STACK \
  -ACODE=00h-0FFFFh -ACONST=00h-0FFFFh -ASMALLCONST=0F00h-0FFFhx241 \
  -AMEDIUMCONST=0F00h-0FFFFh -ACOMRAM=01h-05Fh -AABS1=00h-0E87h \
  -ABIGRAM=01h-0E87h -ARAM=060h-0FFh,0100h-01FFhx13,0E00h-0E87h \
  -ABANK0=060h-0FFh -ABANK1=0100h-01FFh -ABANK2=0200h-02FFh \
  -ABANK3=0300h-03FFh -ABANK4=0400h-04FFh -ABANK5=0500h-05FFh \
  -ABANK6=0600h-06FFh -ABANK7=0700h-07FFh -ABANK8=0800h-08FFh \
  -ABANK9=0900h-09FFh -ABANK10=0A00h-0AFFh -ABANK11=0B00h-0BFFh \
  -ABANK12=0C00h-0CFFh -ABANK13=0D00h-0DFFh -ABANK14=0E00h-0E87h \
  -ASFR=0E8Dh-0EFFh,0F00h-0F5Fh,0F60h-0FFFh -ACONFIG=0300000h-030000Bh \
  -AIDLOC=0200000h-020000Fh -AEEDATA=0310000h-03103FFh -peeprom_data=EEDATA \
  -preset_vec=00h,intcode=08h,intcodelo,powerup,init -pramtop=0F00h \
  -psmallconst=SMALLCONST -pmediumconst=MEDIUMCONST -pconst=CONST \
  -AFARRAM=00h-00h \
  -prdata=COMRAM,nvrram=COMRAM,nvbit=COMRAM,rbss=COMRAM,rbit=COMRAM \
  -pfarbss=FARRAM,fardata=FARRAM,nvFARRAM=FARRAM \
  -pintsave_regs=BIGRAM,bigbss=BIGRAM,bigdata=BIGRAM -pbss=RAM \
  -pidata=CODE,irdata=CODE,ibigdata=CODE,ifardata=CODE -prparam=COMRAM \
  C:\Users\amers\AppData\Local\Temp\xcAs768.o \
  dist/default/production\Point_Sensor_v1.4.2___.production.o 

Object code version is 3.11

Machine type is 18F26K40



                Name                               Link     Load   Length Selector   Space Scale
C:\Users\amers\AppData\Local\Temp\xcAs768.o
                idloc                            200000   200000       10        0       5
                config                           300000   300000        C        0       4
                init                                12E      12E        4        4       0
                reset_vec                             0        0        4        0       0
dist/default/production\Point_Sensor_v1.4.2___.production.o
                intcode                               8        8      126        4       0
                idloc                            200000   200000       10        0       5
                config                           300000   300000        C        0       4
                temp                                 4B       4B        1        1       1
                mediumconst                        FE3A     FE3A      1C6     7F1D       0
                text178                            7710     7710       1E        4       0
                text177                            7892     7892       10     3BF4       0
                text176                            7034     7034       3E        4       0
                text175                            6FF6     6FF6       3E        4       0
                text174                            7272     7272       38        4       0
                text173                            76B4     76B4       20        4       0
                text172                            7694     7694       20        4       0
                text171                            3F9C     3F9C      19C        4       0
                text170                            6EFC     6EFC       40        4       0
                text169                            534C     534C      104        4       0
                text168                            7914     7914        A     3BF4       0
                text167                            7972     7972        2     3BF4       0
                text166                            7312     7312       32        4       0
                text165                            74AC     74AC       2A        4       0
                text164                            7956     7956        6     3BF4       0
                text163                            7970     7970        2     3BF4       0
                text162                            7950     7950        6     3BF4       0
                text161                            5CF0     5CF0       BC        4       0
                text160                            6E36     6E36       44        4       0
                text159                            45E4     45E4      188        4       0
                text158                            78A2     78A2        E     3BF4       0
                text157                            796E     796E        2     3BF4       0
                text156                            73FE     73FE       2E        4       0
                text155                            7838     7838       14     3BF4       0
                text154                            754E     754E       28        4       0
                text153                            796C     796C        2     3BF4       0
                text152                            7824     7824       14     3BF4       0
                text151                            73D0     73D0       2E        4       0
                text150                            77BC     77BC       16        4       0
                text148                            4BD0     4BD0      12A        4       0
                text147                            723A     723A       38        4       0
                text146                            5DAC     5DAC       B6        4       0
                text145                            7344     7344       30        4       0
                text144                            6984     6984       5E        4       0
                text143                            4E18     4E18      110        4       0
                text142                            796A     796A        2     3BF4       0
                text141                            605C     605C       98        4       0
                text140                            5808     5808       E2        4       0
                text139                            5A9C     5A9C       CE        4       0
                text138                            7526     7526       28        4       0
                text137                            63F8     63F8       72        4       0
                text136                            6FB8     6FB8       3E        4       0
                text135                            6F7A     6F7A       3E        4       0
                text134                            5726     5726       E2        4       0
                text133                            76F2     76F2       1E        4       0
                text132                            6B8E     6B8E       54        4       0
                text131                            70E8     70E8       3A        4       0
                text130                            74FE     74FE       28        4       0
                text129                            7882     7882       10     3BF4       0
                text128                            760E     760E       24        4       0
                text127                            70AE     70AE       3A        4       0
                text126                            6C86     6C86       52        4       0
                text125                            790A     790A        A     3BF4       0
                text124                            6CD8     6CD8       4A        4       0
                text123                            794A     794A        6     3BF4       0
                text122                            7900     7900        A     3BF4       0
                text121                            76D4     76D4       1E        4       0
                text120                            7944     7944        6     3BF4       0
                text119                            6F3C     6F3C       3E        4       0
                text118                            7202     7202       38        4       0
                text117                            7674     7674       20        4       0
                text116                            7654     7654       20        4       0
                text115                            3E00     3E00      19C        4       0
                text114                            66E4     66E4       64        4       0
                text113                            7968     7968        2     3BF4       0
                text112                            369C     369C      1F2        4       0
                text111                            6A90     6A90       56        4       0
                text110                            6C34     6C34       52        4       0
                text109                            6EBC     6EBC       40        4       0
                text108                            388E     388E      1E4        4       0
                text107                            7482     7482       2A        4       0
                text106                            78F6     78F6        A     3BF4       0
                text105                            75E8     75E8       26        4       0
                text104                            7966     7966        2     3BF4       0
                text103                            7960     7960        4     3BF4       0
                text102                            6926     6926       5E        4       0
                text101                            6748     6748       62        4       0
                text100                            78EC     78EC        A     3BF4       0
                text99                             78E2     78E2        A     3BF4       0
                text98                             78D8     78D8        A     3BF4       0
                text97                             78CE     78CE        A     3BF4       0
                text96                             78C4     78C4        A     3BF4       0
                text95                             628A     628A       7C        4       0
                text94                             7936     7936        8     3BF4       0
                text93                             7810     7810       14     3BF4       0
                text92                             795C     795C        4     3BF4       0
                text91                             7762     7762       18        4       0
                text90                             6544     6544       6C        4       0
                text89                             772E     772E       1C        4       0
                text88                             78BA     78BA        A     3BF4       0
                text87                             7072     7072       3C        4       0
                text86                             6DF2     6DF2       44        4       0
                text85                             73A2     73A2       2E        4       0
                text84                             75C2     75C2       26        4       0
                text83                             77A6     77A6       16        4       0
                text82                             77FC     77FC       14     3BF4       0
                text81                             7870     7870       12     3BF4       0
                text80                             785E     785E       12     3BF4       0
                text79                             784C     784C       12     3BF4       0
                text78                             759C     759C       26        4       0
                text77                             7790     7790       16        4       0
                text76                             6E7A     6E7A       42        4       0
                text75                             72E0     72E0       32        4       0
                text74                             7632     7632       22        4       0
                text73                             4138     4138      19A        4       0
                text72                             5034     5034      10A        4       0
                text71                             445C     445C      188        4       0
                text70                             4A6C     4A6C      164        4       0
                text69                             68C8     68C8       5E        4       0
                text68                             78B0     78B0        A     3BF4       0
                text67                             60F4     60F4       96        4       0
                text66                             6DAE     6DAE       44        4       0
                text65                             72AA     72AA       36        4       0
                text64                             5C2E     5C2E       C2        4       0
                text63                             2D92     2D92      2E4        4       0
                text62                             5B6A     5B6A       C4        4       0
                text61                             5E62     5E62       B0        4       0
                text60                             2684     2684      39C        4       0
                text59                             5F12     5F12       AA        4       0
                text58                             5246     5246      106        4       0
                text57                             2258     2258      42C        4       0
                text56                             71CA     71CA       38        4       0
                text55                             193E     193E      4C0        4       0
                text54                             6D22     6D22       48        4       0
                text53                             513E     513E      108        4       0
                text52                             5450     5450       FE        4       0
                text51                             3076     3076      216        4       0
                text50                             686A     686A       5E        4       0
                text49                             7192     7192       38        4       0
                text48                             680A     680A       60        4       0
                text47                              132      132      CB2        4       0
                text46                             58EA     58EA       DC        4       0
                text45                             1DFE     1DFE      45A        4       0
                text44                             64D8     64D8       6C        4       0
                text43                             74D6     74D6       28        4       0
                text42                             6D6A     6D6A       44        4       0
                text41                             48EC     48EC      180        4       0
                text40                             6B3A     6B3A       54        4       0
                text39                             6306     6306       7A        4       0
                text38                             7964     7964        2     3BF4       0
                text37                             777A     777A       16        4       0
                text36                             4F28     4F28      10C        4       0
                text35                             1436     1436      508        4       0
                text34                             715A     715A       38        4       0
                text33                             7576     7576       26        4       0
                text32                             3C4C     3C4C      1B4        4       0
                text31                             34A0     34A0      1FC        4       0
                text30                             554E     554E       F6        4       0
                text29                             774A     774A       18        4       0
                text28                             618A     618A       82        4       0
                text27                             792E     792E        8     3BF4       0
                text26                             2A20     2A20      372        4       0
                text25                             7122     7122       38        4       0
                text24                             6BE2     6BE2       52        4       0
                text23                             42D2     42D2      18A        4       0
                text22                             65B0     65B0       68        4       0
                text21                             6380     6380       78        4       0
                text20                             6A3A     6A3A       56        4       0
                text19                             667E     667E       66        4       0
                text18                             6618     6618       66        4       0
                text17                             5644     5644       E2        4       0
                text16                             4CFA     4CFA      11E        4       0
                text15                              DE4      DE4      652        4       0
                text14                             6AE6     6AE6       54        4       0
                text13                             793E     793E        6     3BF4       0
                text12                             328C     328C      214        4       0
                text11                             59C6     59C6       D6        4       0
                text10                             7926     7926        8     3BF4       0
                text9                              7458     7458       2A        4       0
                text8                              791E     791E        8     3BF4       0
                text7                              67AA     67AA       60        4       0
                text6                              77E8     77E8       14     3BF4       0
                text5                              69E2     69E2       58        4       0
                text4                              742C     742C       2C        4       0
                text3                              620C     620C       7E        4       0
                text2                              7374     7374       2E        4       0
                text1                              476C     476C      180        4       0
                text0                              3A72     3A72      1DA        4       0
                cstackCOMRAM                          1        1       36        1       1
                cstackBANK0                          60       60       A0       60       1
                cstackBANK1                         1B8      1B8       1E      100       1
                cstackBANK2                         2E0      2E0        A      200       1
                dataBANK3                           300      300       A0      300       1
                bssBANK2                            200      200       E0      200       1
                dataBANK1                           1EB      1EB       15      100       1
                bssBANK1                            100      100       B8      100       1
                bssCOMRAM                            37       37       14        1       1
                cinit                              646A     646A       6E        4       0
                nvBANK1                             1D6      1D6       15      100       1
                idataBANK3                         5FBC     5FBC       A0        4       0
                idataBANK1                         77D2     77D2       15        4       0

TOTAL           Name                               Link     Load   Length     Space
        CLASS   STACK          

        CLASS   CODE           
                intcode                               8        8      126         0
                init                                12E      12E        4         0
                reset_vec                             0        0        4         0
                text178                            7710     7710       1E         0
                text177                            7892     7892       10         0
                text176                            7034     7034       3E         0
                text175                            6FF6     6FF6       3E         0
                text174                            7272     7272       38         0
                text173                            76B4     76B4       20         0
                text172                            7694     7694       20         0
                text171                            3F9C     3F9C      19C         0
                text170                            6EFC     6EFC       40         0
                text169                            534C     534C      104         0
                text168                            7914     7914        A         0
                text167                            7972     7972        2         0
                text166                            7312     7312       32         0
                text165                            74AC     74AC       2A         0
                text164                            7956     7956        6         0
                text163                            7970     7970        2         0
                text162                            7950     7950        6         0
                text161                            5CF0     5CF0       BC         0
                text160                            6E36     6E36       44         0
                text159                            45E4     45E4      188         0
                text158                            78A2     78A2        E         0
                text157                            796E     796E        2         0
                text156                            73FE     73FE       2E         0
                text155                            7838     7838       14         0
                text154                            754E     754E       28         0
                text153                            796C     796C        2         0
                text152                            7824     7824       14         0
                text151                            73D0     73D0       2E         0
                text150                            77BC     77BC       16         0
                text148                            4BD0     4BD0      12A         0
                text147                            723A     723A       38         0
                text146                            5DAC     5DAC       B6         0
                text145                            7344     7344       30         0
                text144                            6984     6984       5E         0
                text143                            4E18     4E18      110         0
                text142                            796A     796A        2         0
                text141                            605C     605C       98         0
                text140                            5808     5808       E2         0
                text139                            5A9C     5A9C       CE         0
                text138                            7526     7526       28         0
                text137                            63F8     63F8       72         0
                text136                            6FB8     6FB8       3E         0
                text135                            6F7A     6F7A       3E         0
                text134                            5726     5726       E2         0
                text133                            76F2     76F2       1E         0
                text132                            6B8E     6B8E       54         0
                text131                            70E8     70E8       3A         0
                text130                            74FE     74FE       28         0
                text129                            7882     7882       10         0
                text128                            760E     760E       24         0
                text127                            70AE     70AE       3A         0
                text126                            6C86     6C86       52         0
                text125                            790A     790A        A         0
                text124                            6CD8     6CD8       4A         0
                text123                            794A     794A        6         0
                text122                            7900     7900        A         0
                text121                            76D4     76D4       1E         0
                text120                            7944     7944        6         0
                text119                            6F3C     6F3C       3E         0
                text118                            7202     7202       38         0
                text117                            7674     7674       20         0
                text116                            7654     7654       20         0
                text115                            3E00     3E00      19C         0
                text114                            66E4     66E4       64         0
                text113                            7968     7968        2         0
                text112                            369C     369C      1F2         0
                text111                            6A90     6A90       56         0
                text110                            6C34     6C34       52         0
                text109                            6EBC     6EBC       40         0
                text108                            388E     388E      1E4         0
                text107                            7482     7482       2A         0
                text106                            78F6     78F6        A         0
                text105                            75E8     75E8       26         0
                text104                            7966     7966        2         0
                text103                            7960     7960        4         0
                text102                            6926     6926       5E         0
                text101                            6748     6748       62         0
                text100                            78EC     78EC        A         0
                text99                             78E2     78E2        A         0
                text98                             78D8     78D8        A         0
                text97                             78CE     78CE        A         0
                text96                             78C4     78C4        A         0
                text95                             628A     628A       7C         0
                text94                             7936     7936        8         0
                text93                             7810     7810       14         0
                text92                             795C     795C        4         0
                text91                             7762     7762       18         0
                text90                             6544     6544       6C         0
                text89                             772E     772E       1C         0
                text88                             78BA     78BA        A         0
                text87                             7072     7072       3C         0
                text86                             6DF2     6DF2       44         0
                text85                             73A2     73A2       2E         0
                text84                             75C2     75C2       26         0
                text83                             77A6     77A6       16         0
                text82                             77FC     77FC       14         0
                text81                             7870     7870       12         0
                text80                             785E     785E       12         0
                text79                             784C     784C       12         0
                text78                             759C     759C       26         0
                text77                             7790     7790       16         0
                text76                             6E7A     6E7A       42         0
                text75                             72E0     72E0       32         0
                text74                             7632     7632       22         0
                text73                             4138     4138      19A         0
                text72                             5034     5034      10A         0
                text71                             445C     445C      188         0
                text70                             4A6C     4A6C      164         0
                text69                             68C8     68C8       5E         0
                text68                             78B0     78B0        A         0
                text67                             60F4     60F4       96         0
                text66                             6DAE     6DAE       44         0
                text65                             72AA     72AA       36         0
                text64                             5C2E     5C2E       C2         0
                text63                             2D92     2D92      2E4         0
                text62                             5B6A     5B6A       C4         0
                text61                             5E62     5E62       B0         0
                text60                             2684     2684      39C         0
                text59                             5F12     5F12       AA         0
                text58                             5246     5246      106         0
                text57                             2258     2258      42C         0
                text56                             71CA     71CA       38         0
                text55                             193E     193E      4C0         0
                text54                             6D22     6D22       48         0
                text53                             513E     513E      108         0
                text52                             5450     5450       FE         0
                text51                             3076     3076      216         0
                text50                             686A     686A       5E         0
                text49                             7192     7192       38         0
                text48                             680A     680A       60         0
                text47                              132      132      CB2         0
                text46                             58EA     58EA       DC         0
                text45                             1DFE     1DFE      45A         0
                text44                             64D8     64D8       6C         0
                text43                             74D6     74D6       28         0
                text42                             6D6A     6D6A       44         0
                text41                             48EC     48EC      180         0
                text40                             6B3A     6B3A       54         0
                text39                             6306     6306       7A         0
                text38                             7964     7964        2         0
                text37                             777A     777A       16         0
                text36                             4F28     4F28      10C         0
                text35                             1436     1436      508         0
                text34                             715A     715A       38         0
                text33                             7576     7576       26         0
                text32                             3C4C     3C4C      1B4         0
                text31                             34A0     34A0      1FC         0
                text30                             554E     554E       F6         0
                text29                             774A     774A       18         0
                text28                             618A     618A       82         0
                text27                             792E     792E        8         0
                text26                             2A20     2A20      372         0
                text25                             7122     7122       38         0
                text24                             6BE2     6BE2       52         0
                text23                             42D2     42D2      18A         0
                text22                             65B0     65B0       68         0
                text21                             6380     6380       78         0
                text20                             6A3A     6A3A       56         0
                text19                             667E     667E       66         0
                text18                             6618     6618       66         0
                text17                             5644     5644       E2         0
                text16                             4CFA     4CFA      11E         0
                text15                              DE4      DE4      652         0
                text14                             6AE6     6AE6       54         0
                text13                             793E     793E        6         0
                text12                             328C     328C      214         0
                text11                             59C6     59C6       D6         0
                text10                             7926     7926        8         0
                text9                              7458     7458       2A         0
                text8                              791E     791E        8         0
                text7                              67AA     67AA       60         0
                text6                              77E8     77E8       14         0
                text5                              69E2     69E2       58         0
                text4                              742C     742C       2C         0
                text3                              620C     620C       7E         0
                text2                              7374     7374       2E         0
                text1                              476C     476C      180         0
                text0                              3A72     3A72      1DA         0
                cinit                              646A     646A       6E         0
                idataBANK3                         5FBC     5FBC       A0         0
                idataBANK1                         77D2     77D2       15         0

        CLASS   CONST          

        CLASS   SMALLCONST     

        CLASS   MEDIUMCONST    
                mediumconst                        FE3A     FE3A      1C6         0

        CLASS   COMRAM         
                temp                                 4B       4B        1         1
                cstackCOMRAM                          1        1       36         1
                bssCOMRAM                            37       37       14         1

        CLASS   ABS1           

        CLASS   BIGRAM         

        CLASS   RAM            

        CLASS   BANK0          
                cstackBANK0                          60       60       A0         1

        CLASS   BANK1          
                cstackBANK1                         1B8      1B8       1E         1
                dataBANK1                           1EB      1EB       15         1
                bssBANK1                            100      100       B8         1
                nvBANK1                             1D6      1D6       15         1

        CLASS   BANK2          
                cstackBANK2                         2E0      2E0        A         1
                bssBANK2                            200      200       E0         1

        CLASS   BANK3          
                dataBANK3                           300      300       A0         1

        CLASS   BANK4          

        CLASS   BANK5          

        CLASS   BANK6          

        CLASS   BANK7          

        CLASS   BANK8          

        CLASS   BANK9          

        CLASS   BANK10         

        CLASS   BANK11         

        CLASS   BANK12         

        CLASS   BANK13         

        CLASS   BANK14         

        CLASS   SFR            

        CLASS   CONFIG         
                config                           300000   300000        C         4

        CLASS   IDLOC          
                idloc                            200000   200000       10         5

        CLASS   EEDATA         

        CLASS   FARRAM         



SEGMENTS        Name                           Load    Length   Top    Selector   Space  Class

                reset_vec                      000000  000004  000004         0       0  CODE    
                cstackCOMRAM                   000001  00004B  00004C         1       1  COMRAM  
                intcode                        000008  0077DF  0077E7         4       0  CODE    
                cstackBANK0                    000060  0000A0  000100        60       1  BANK0   
                bssBANK1                       000100  000100  000200       100       1  BANK1   
                bssBANK2                       000200  0000EA  0002EA       200       1  BANK2   
                dataBANK3                      000300  0000A0  0003A0       300       1  BANK3   
                text6                          0077E8  00018C  007974      3BF4       0  CODE    
                mediumconst                    00FE3A  0001C6  010000      7F1D       0  MEDIUMCO


UNUSED ADDRESS RANGES

        Name                Unused          Largest block    Delta
        BANK10           000A00-000AFF              100
        BANK11           000B00-000BFF              100
        BANK12           000C00-000CFF              100
        BANK13           000D00-000DFF              100
        BANK14           000E00-000E87               88
        BANK2            0002EA-0002FF               16
        BANK3            0003A0-0003FF               60
        BANK4            000400-0004FF              100
        BANK5            000500-0005FF              100
        BANK6            000600-0006FF              100
        BANK7            000700-0007FF              100
        BANK8            000800-0008FF              100
        BANK9            000900-0009FF              100
        BIGRAM           00004C-00005F               14
                         0002EA-0002FF               16
                         0003A0-000E87              AE8
        CODE             000004-000007                4
                         0077E7-0077E7                1
                         007974-00FE39             84C6
        COMRAM           00004C-00005F               14
        CONST            000004-000007                4
                         0077E7-0077E7                1
                         007974-00FE39             84C6
        EEDATA           310000-3103FF              400
        MEDIUMCONST      0077E7-0077E7                1
                         007974-00FE39             84C6
        RAM              0002EA-0002FF               16
                         0003A0-000E87              100
        SFR              000E8D-000FFF               73
        SMALLCONST       0077E7-0077E7                1
                         007974-00FE39              100
        STACK            0003A0-000E87              AE8

                                  Symbol Table

?_ADCC_GetSingleConversion                                        cstackCOMRAM 000015
?_I2C_ReadR8D16                                                   cstackCOMRAM 000016
?_MTOUCH_Button_Reading_Get                                       cstackCOMRAM 000015
?_MTOUCH_Sensor_RawSample_Get                                     cstackCOMRAM 000015
?_TEMP_Read                                                       cstackCOMRAM 00001D
?___aldiv                                                         cstackCOMRAM 000015
?___aodiv                                                         cstackCOMRAM 000015
?___aomod                                                         cstackCOMRAM 000015
?___awdiv                                                         cstackCOMRAM 000015
?___awmod                                                         cstackCOMRAM 000015
?___fladd                                                         cstackCOMRAM 000023
?___fldiv                                                         cstackBANK0  000060
?___flmul                                                         cstackBANK0  00007D
?___flneg                                                         cstackCOMRAM 000015
?___flsub                                                         cstackBANK0  000075
?___fltol                                                         cstackBANK0  000096
?___fpclassifyf                                                   cstackCOMRAM 000015
?___wmul                                                          cstackCOMRAM 000015
?___xxtofl                                                        cstackCOMRAM 000015
?_abs                                                             cstackCOMRAM 000027
?_atoi                                                            cstackCOMRAM 00001C
?_chkCmd                                                          cstackCOMRAM 00001D
?_dtoa                                                            cstackBANK0  000060
?_efgtoa                                                          cstackBANK0  0000A2
?_floorf                                                          cstackBANK0  000075
?_isdigit                                                         cstackCOMRAM 000015
?_isspace                                                         cstackCOMRAM 000015
?_isupper                                                         cstackCOMRAM 000015
?_medianFilter                                                    cstackCOMRAM 000015
?_pad                                                             cstackCOMRAM 000027
?_printf                                                          cstackBANK0  0000F8
?_splitCmd                                                        cstackCOMRAM 00002B
?_strCmp                                                          cstackCOMRAM 000015
?_strchr                                                          cstackCOMRAM 000015
?_strcspn                                                         cstackCOMRAM 000019
?_strlen                                                          cstackCOMRAM 000015
?_strncmp                                                         cstackCOMRAM 000015
?_strspn                                                          cstackCOMRAM 000019
?_strtok                                                          cstackCOMRAM 000020
?_tolower                                                         cstackCOMRAM 00001B
?_vfpfcnvrt                                                       cstackBANK0  0000E6
?_vfprintf                                                        cstackBANK0  0000F0
?i2_abs                                                           cstackCOMRAM 000001
ADCC_GetSingleConversion@channel                                  cstackCOMRAM 000019
ADCC_SetADTIInterruptHandler@InterruptHandler                     cstackCOMRAM 000015
AVG_Fitering@_data                                                cstackCOMRAM 000023
AVG_Fitering@_inputData                                           cstackCOMRAM 000025
AVG_Fitering@i                                                    cstackCOMRAM 000027
Button_Baseline_Initialize@button                                 cstackCOMRAM 000018
Button_Baseline_Update@button                                     cstackCOMRAM 000015
Button_Deviation_Update@button                                    cstackCOMRAM 000015
Button_Deviation_Update@deviation                                 cstackCOMRAM 000021
Button_Reading_Update@button                                      cstackCOMRAM 00001D
Button_Reading_Update_Helper@button                               cstackCOMRAM 000018
Button_Service@button                                             cstackCOMRAM 000029
Button_Service@name                                               cstackCOMRAM 000028
Button_State_Initializing@button                                  cstackCOMRAM 00001E
Button_State_NotPressed@button                                    cstackCOMRAM 00001E
Button_State_Pressed@button                                       cstackCOMRAM 00001E
DATAEE_ReadByte@bAdd                                              cstackCOMRAM 000015
DATAEE_WriteByte@GIEBitValue                                      cstackCOMRAM 000018
DATAEE_WriteByte@bAdd                                             cstackCOMRAM 000015
DATAEE_WriteByte@bData                                            cstackCOMRAM 000017
EUSART1_Read@readValue                                            cstackCOMRAM 000015
EUSART1_SetErrorHandler@interruptHandler                          cstackCOMRAM 000015
EUSART1_SetFramingErrorHandler@interruptHandler                   cstackCOMRAM 000015
EUSART1_SetOverrunErrorHandler@interruptHandler                   cstackCOMRAM 000015
EUSART1_SetRxInterruptHandler@interruptHandler                    cstackCOMRAM 000015
EUSART1_SetTxInterruptHandler@interruptHandler                    cstackCOMRAM 000015
EUSART1_Write@txData                                              cstackCOMRAM 000015
I2C_ReadR8D16@highdata                                            cstackCOMRAM 00001A
I2C_ReadR8D16@lowdata                                             cstackCOMRAM 00001B
I2C_ReadR8D16@regAddr                                             cstackCOMRAM 000016
I2C_ReadR8D16@slaveAddr                                           cstackCOMRAM 00001C
I2C_ReadR8D8@regAddr                                              cstackCOMRAM 000016
I2C_ReadR8D8@slaveAddr                                            cstackCOMRAM 000017
I2C_Write@data                                                    cstackCOMRAM 000015
I2C_WriteR8D8@data                                                cstackCOMRAM 000017
I2C_WriteR8D8@regAddr                                             cstackCOMRAM 000016
I2C_WriteR8D8@slaveAddr                                           cstackCOMRAM 000018
MTOUCH_Button_Initialize@button                                   cstackCOMRAM 000017
MTOUCH_Button_Initialize@name                                     cstackCOMRAM 000016
MTOUCH_Button_InitializeAll@button                                cstackCOMRAM 000020
MTOUCH_Button_Reading_Get@name                                    cstackCOMRAM 000017
MTOUCH_Button_ServiceAll@button                                   cstackCOMRAM 00002B
MTOUCH_Sensor_Calibrate@sensor                                    cstackCOMRAM 000015
MTOUCH_Sensor_Enable@sensor                                       cstackCOMRAM 000015
MTOUCH_Sensor_Initialize@sensor                                   cstackCOMRAM 000017
MTOUCH_Sensor_InitializeAll@sensor                                cstackCOMRAM 000020
MTOUCH_Sensor_RawSample_Get@name                                  cstackCOMRAM 000017
MTOUCH_Sensor_Sampled_ResetAll@sensor                             cstackCOMRAM 000017
MTOUCH_Sensor_Service@sensor                                      cstackCOMRAM 00000D
MTOUCH_Sensor_isCalibrated@sensor                                 cstackCOMRAM 000015
MTOUCH_Sensor_isEnabled@sensor                                    cstackCOMRAM 000015
MTOUCH_Sensor_isSamplingComplete@sensor                           cstackCOMRAM 00001F
MTOUCH_Sensor_postAcquisitionProcess@name                         cstackCOMRAM 000021
MTOUCH_Sensor_wasSampled@sensor                                   cstackCOMRAM 000015
Sensor_FrequencyHopping_Autotune_Process@frequencyIndex           cstackBANK0  000067
Sensor_FrequencyHopping_Autotune_Process@maxVariance              cstackBANK0  000063
Sensor_FrequencyHopping_Autotune_Process@newfrequencyFound        cstackBANK0  000060
Sensor_FrequencyHopping_Autotune_Process@selectedFrequency        cstackBANK0  000066
Sensor_FrequencyHopping_Autotune_Process@sensor                   cstackBANK0  000065
Sensor_FrequencyHopping_Autotune_Process@variance                 cstackBANK0  000061
Sensor_FrequencyHopping_Autotune_Process@varianceOverLimitCounter bssBANK1     00015A
Sensor_RawSample_Update@result                                    cstackCOMRAM 00001F
Sensor_RawSample_Update@sensor                                    cstackCOMRAM 00001D
Sensor_Sampled_Reset@sensor                                       cstackCOMRAM 000015
Sensor_SetTrisBit@TrisBit                                         cstackCOMRAM 000015
Sensor_SetTrisBit@sensor                                          cstackCOMRAM 000018
Sensor_isCalibrated@sensor                                        cstackCOMRAM 000015
Sensor_isCalibratingAcqTime@sensor                                cstackCOMRAM 000015
Sensor_scheduleNextScan@sensor                                    cstackCOMRAM 00001D
Sensor_scheduleNextScan@skipScan                                  cstackCOMRAM 00001C
Sensor_scheduleNextScan@state                                     cstackCOMRAM 00001B
Sensor_setCalibrated@sensor                                       cstackCOMRAM 000001
Sensor_setSampled@sensor                                          cstackCOMRAM 000001
TEMP_Calucation@F62                                               mediumconst  00FE5B
TEMP_Initialize@returnData                                        cstackCOMRAM 000019
TEMP_Read@tmpData                                                 cstackCOMRAM 000020
TMR0_SetInterruptHandler@InterruptHandler                         cstackCOMRAM 000015
TMR1_SetInterruptHandler@InterruptHandler                         cstackCOMRAM 000015
TMR1_WriteTimer@timerVal                                          cstackCOMRAM 000001
Tick_Count@_time                                                  cstackCOMRAM 000015
Tick_Count_ISR@_time                                              cstackCOMRAM 000001
Tick_Count_Initialize@_time                                       cstackCOMRAM 000015
_ADACC                                                            (abs)        000F70
_ADACCH                                                           (abs)        000F71
_ADACCL                                                           (abs)        000F70
_ADACQ                                                            (abs)        000F5C
_ADACT                                                            (abs)        000F56
_ADCAP                                                            (abs)        000F5D
_ADCC_ADTI_InterruptHandler                                       nvBANK1      0001E4
_ADCC_DefaultInterruptHandler                                     text167      007972
_ADCC_GetSingleConversion                                         text2        007374
_ADCC_Initialize                                                  text101      006748
_ADCC_SetADTIInterruptHandler                                     text125      00790A
_ADCC_ThresholdISR                                                text166      007312
_ADCC_ThresholdISR_mTouch                                         text168      007914
_ADCLK                                                            (abs)        000F57
_ADCNT                                                            (abs)        000F67
_ADCON0                                                           (abs)        000F60
_ADCON0bits                                                       (abs)        000F60
_ADCON1                                                           (abs)        000F59
_ADCON1bits                                                       (abs)        000F59
_ADCON2                                                           (abs)        000F5A
_ADCON2bits                                                       (abs)        000F5A
_ADCON3                                                           (abs)        000F5B
_ADCON3bits                                                       (abs)        000F5B
_ADERRH                                                           (abs)        000F6F
_ADERRL                                                           (abs)        000F6E
_ADFLTR                                                           (abs)        000F72
_ADFLTRH                                                          (abs)        000F73
_ADFLTRL                                                          (abs)        000F72
_ADLTHH                                                           (abs)        000F6B
_ADLTHL                                                           (abs)        000F6A
_ADPCH                                                            (abs)        000F5F
_ADPRE                                                            (abs)        000F5E
_ADPREVH                                                          (abs)        000F62
_ADPREVL                                                          (abs)        000F61
_ADREF                                                            (abs)        000F58
_ADRESH                                                           (abs)        000F64
_ADRESL                                                           (abs)        000F63
_ADRPT                                                            (abs)        000F66
_ADSTAT                                                           (abs)        000F65
_ADSTATbits                                                       (abs)        000F65
_ADSTPTH                                                          (abs)        000F69
_ADSTPTL                                                          (abs)        000F68
_ADUTHH                                                           (abs)        000F6D
_ADUTHL                                                           (abs)        000F6C
_ANSELA                                                           (abs)        000F11
_ANSELB                                                           (abs)        000F19
_ANSELC                                                           (abs)        000F21
_AVG_Fitering                                                     text35       001436
_AllState_off                                                     text27       00792E
_BAUD1CON                                                         (abs)        000F9F
_Button_Baseline_Initialize                                       text144      006984
_Button_Baseline_Update                                           text143      004E18
_Button_DefaultCallback                                           text142      00796A
_Button_Deviation_Update                                          text148      004BD0
_Button_Reading_Update                                            text145      007344
_Button_Reading_Update_Helper                                     text146      005DAC
_Button_Service                                                   text134      005726
_Button_StateMachine                                              dataBANK1    0001EB
_Button_State_Initializing                                        text140      005808
_Button_State_NotPressed                                          text139      005A9C
_Button_State_Pressed                                             text141      00605C
_DATAEE_ReadByte                                                  text29       00774A
_DATAEE_WriteByte                                                 text42       006D6A
_DetctNormalOut                                                   text10       007926
_DetectChemicalOut                                                text9        007458
_DetectLevel                                                      bssBANK1     00018C
_DetectWaterOut                                                   text8        00791E
_EUSART1_DefaultErrorHandler                                      text164      007956
_EUSART1_DefaultFramingErrorHandler                               text163      007970
_EUSART1_DefaultOverrunErrorHandler                               text162      007950
_EUSART1_ErrorHandler                                             nvBANK1      0001DE
_EUSART1_FramingErrorHandler                                      nvBANK1      0001E2
_EUSART1_Initialize                                               text95       00628A
_EUSART1_OverrunErrorHandler                                      nvBANK1      0001E0
_EUSART1_Read                                                     text14       006AE6
_EUSART1_Receive_ISR                                              text161      005CF0
_EUSART1_RxDataHandler                                            text165      0074AC
_EUSART1_RxDefaultInterruptHandler                                nvBANK1      0001E6
_EUSART1_SetErrorHandler                                          text100      0078EC
_EUSART1_SetFramingErrorHandler                                   text99       0078E2
_EUSART1_SetOverrunErrorHandler                                   text98       0078D8
_EUSART1_SetRxInterruptHandler                                    text97       0078CE
_EUSART1_SetTxInterruptHandler                                    text96       0078C4
_EUSART1_Transmit_ISR                                             text160      006E36
_EUSART1_TxDefaultInterruptHandler                                nvBANK1      0001E8
_EUSART1_Write                                                    text69       0068C8
_EUSART1_is_rx_ready                                              text37       00777A
_FVRCON                                                           (abs)        000F31
_FVRCONbits                                                       (abs)        000F31
_FVR_Initialize                                                   text94       007936
_GIE                                                              (abs)        007F97
_I2C1_CallbackReturnReset                                         (abs)        000000
_I2C1_CallbackReturnStop                                          (abs)        000000
_I2C1_DO_ADDRESS_NACK                                             (abs)        000000
_I2C1_DO_IDLE                                                     (abs)        000000
_I2C1_DO_RCEN                                                     (abs)        000000
_I2C1_DO_RESET                                                    (abs)        000000
_I2C1_DO_RX                                                       (abs)        000000
_I2C1_DO_RX_ACK                                                   (abs)        000000
_I2C1_DO_RX_NACK_RESTART                                          (abs)        000000
_I2C1_DO_RX_NACK_STOP                                             (abs)        000000
_I2C1_DO_SEND_ADR_READ                                            (abs)        000000
_I2C1_DO_SEND_ADR_WRITE                                           (abs)        000000
_I2C1_DO_SEND_RESTART                                             (abs)        000000
_I2C1_DO_SEND_RESTART_READ                                        (abs)        000000
_I2C1_DO_SEND_RESTART_WRITE                                       (abs)        000000
_I2C1_DO_SEND_STOP                                                (abs)        000000
_I2C1_DO_TX                                                       (abs)        000000
_I2C1_DO_TX_EMPTY                                                 (abs)        000000
_I2C1_Initialize                                                  text93       007810
_I2C1_Status                                                      bssBANK1     000100
_I2C_Ack                                                          text6        0077E8
_I2C_Initialize                                                   text84       0075C2
_I2C_Nack                                                         text83       0077A6
_I2C_Read                                                         text82       0077FC
_I2C_ReadR8D16                                                    text5        0069E2
_I2C_ReadR8D8                                                     text76       006E7A
_I2C_Restart                                                      text81       007870
_I2C_Start                                                        text80       00785E
_I2C_Stop                                                         text79       00784C
_I2C_Wait                                                         text78       00759C
_I2C_Write                                                        text77       007790
_I2C_WriteR8D8                                                    text75       0072E0
_INLVLA                                                           (abs)        000F0D
_INLVLB                                                           (abs)        000F15
_INLVLC                                                           (abs)        000F1D
_INLVLE                                                           (abs)        000F2A
_INTCONbits                                                       (abs)        000FF2
_INTERRUPT_Initialize                                             text92       00795C
_INTERRUPT_InterruptManager                                       intcode      000008
_Init_time_cnt                                                    dataBANK1    0001F4
_LATA                                                             (abs)        000F83
_LATB                                                             (abs)        000F84
_LATBbits                                                         (abs)        000F84
_LATC                                                             (abs)        000F85
_LATCbits                                                         (abs)        000F85
_MTOUCH_Button_Initialize                                         text137      0063F8
_MTOUCH_Button_InitializeAll                                      text131      0070E8
_MTOUCH_Button_Reading_Get                                        text34       00715A
_MTOUCH_Button_ServiceAll                                         text133      0076F2
_MTOUCH_Initialize                                                text121      0076D4
_MTOUCH_ScanScheduler                                             text152      007824
_MTOUCH_Sensor_ADCC_Initialize                                    text124      006CD8
_MTOUCH_Sensor_Calibrate                                          text138      007526
_MTOUCH_Sensor_Enable                                             text130      0074FE
_MTOUCH_Sensor_Initialize                                         text128      00760E
_MTOUCH_Sensor_InitializeAll                                      text127      0070AE
_MTOUCH_Sensor_RawSample_Get                                      text147      00723A
_MTOUCH_Sensor_SampleAll                                          text105      0075E8
_MTOUCH_Sensor_Sampled_ResetAll                                   text126      006C86
_MTOUCH_Sensor_Scan_Initialize                                    text123      00794A
_MTOUCH_Sensor_Service                                            text169      00534C
_MTOUCH_Sensor_isCalibrated                                       text136      006FB8
_MTOUCH_Sensor_isEnabled                                          text119      006F3C
_MTOUCH_Sensor_isSampling                                         text120      007944
_MTOUCH_Sensor_isSamplingComplete                                 text114      0066E4
_MTOUCH_Sensor_postAcquisitionProcess                             text110      006C34
_MTOUCH_Sensor_wasSampled                                         text135      006F7A
_MTOUCH_Service_Mainloop                                          text102      006926
_MTOUCH_Tick                                                      text104      007966
_MTOUCH_needReburst                                               text103      007960
_NVMADRH                                                          (abs)        000F7F
_NVMADRL                                                          (abs)        000F7E
_NVMCON1bits                                                      (abs)        000F81
_NVMCON2                                                          (abs)        000F82
_NVMDAT                                                           (abs)        000F80
_ODCONA                                                           (abs)        000F0F
_ODCONB                                                           (abs)        000F17
_ODCONC                                                           (abs)        000F1F
_OSCCON1                                                          (abs)        000ED8
_OSCCON3                                                          (abs)        000EDA
_OSCEN                                                            (abs)        000EDC
_OSCFRQ                                                           (abs)        000EDE
_OSCILLATOR_Initialize                                            text91       007762
_OSCTUNE                                                          (abs)        000EDD
_ObsolecenceEnableTimeCnt                                         bssBANK1     00016D
_PIE0bits                                                         (abs)        000EC2
_PIE1bits                                                         (abs)        000EC3
_PIE3bits                                                         (abs)        000EC5
_PIE4bits                                                         (abs)        000EC6
_PIN_MANAGER_Initialize                                           text90       006544
_PIR0bits                                                         (abs)        000ECA
_PIR1bits                                                         (abs)        000ECB
_PIR3bits                                                         (abs)        000ECD
_PIR4bits                                                         (abs)        000ECE
_PIR7bits                                                         (abs)        000ED1
_PMD0                                                             (abs)        000EE1
_PMD1                                                             (abs)        000EE2
_PMD2                                                             (abs)        000EE3
_PMD3                                                             (abs)        000EE4
_PMD4                                                             (abs)        000EE5
_PMD5                                                             (abs)        000EE6
_PMD_Initialize                                                   text89       00772E
_PreSensorStatus                                                  bssBANK1     00017D
_RC1REG                                                           (abs)        000F99
_RC1STA                                                           (abs)        000F9D
_RC1STAbits                                                       (abs)        000F9D
_RC3PPS                                                           (abs)        000EFA
_RC4PPS                                                           (abs)        000EFB
_RC6PPS                                                           (abs)        000EFD
_RD_avg                                                           bssBANK2     0002C8
_RX1PPS                                                           (abs)        000EB5
_Reading_Get_Proc                                                 text30       00554E
_RecoveryBaseline                                                 bssCOMRAM    00003B
_RecoveryCnt                                                      bssCOMRAM    000043
_SLRCONA                                                          (abs)        000F0E
_SLRCONB                                                          (abs)        000F16
_SLRCONC                                                          (abs)        000F1E
_SP1BRGH                                                          (abs)        000F9C
_SP1BRGL                                                          (abs)        000F9B
_SSP1ADD                                                          (abs)        000F93
_SSP1BUF                                                          (abs)        000F92
_SSP1CLKPPS                                                       (abs)        000EB7
_SSP1CON1                                                         (abs)        000F96
_SSP1CON1bits                                                     (abs)        000F96
_SSP1CON2                                                         (abs)        000F97
_SSP1CON2bits                                                     (abs)        000F97
_SSP1CON3                                                         (abs)        000F98
_SSP1DATPPS                                                       (abs)        000EB8
_SSP1STAT                                                         (abs)        000F95
_SSP1STATbits                                                     (abs)        000F95
_SYSTEM_Initialize                                                text85       0073A2
_SensorThreshold                                                  bssBANK1     000171
_Sensor_DefaultCallback                                           text113      007968
_Sensor_FrequencyHopping                                          text106      0078F6
_Sensor_FrequencyHopping_Autotune_Process                         text108      00388E
_Sensor_RawSample_Update                                          text111      006A90
_Sensor_Sampled_Reset                                             text129      007882
_Sensor_SetTrisBit                                                text118      007202
_Sensor_isCalibrated                                              text117      007674
_Sensor_isCalibratingAcqTime                                      text116      007654
_Sensor_scheduleNextScan                                          text115      003E00
_Sensor_setCalibrated                                             text178      007710
_Sensor_setSamplePeriod                                           text107      007482
_Sensor_setSampled                                                text177      007892
_T0CON0                                                           (abs)        000FD5
_T0CON0bits                                                       (abs)        000FD5
_T0CON1                                                           (abs)        000FD6
_T1CLK                                                            (abs)        000FD2
_T1CON                                                            (abs)        000FCF
_T1CONbits                                                        (abs)        000FCF
_T1GATE                                                           (abs)        000FD1
_T1GCON                                                           (abs)        000FD0
_T1GCONbits                                                       (abs)        000FD0
_TABLAT                                                           (abs)        000FF5
_TBLPTRH                                                          (abs)        000FF7
_TBLPTRL                                                          (abs)        000FF6
_TBLPTRU                                                          (abs)        000FF8
_TEMP_Initialize                                                  text74       007632
_TEMP_Read                                                        text4        00742C
_TMR0H                                                            (abs)        000FD4
_TMR0L                                                            (abs)        000FD3
_TMR0_CallBack                                                    text156      0073FE
_TMR0_DefaultInterruptHandler                                     text157      00796E
_TMR0_ISR                                                         text155      007838
_TMR0_Initialize                                                  text87       007072
_TMR0_InterruptHandler                                            nvBANK1      0001DA
_TMR0_SetInterruptHandler                                         text88       0078BA
_TMR1H                                                            (abs)        000FCE
_TMR1L                                                            (abs)        000FCD
_TMR1_CallBack                                                    text151      0073D0
_TMR1_DefaultInterruptHandler                                     text153      00796C
_TMR1_ISR                                                         text150      0077BC
_TMR1_Initialize                                                  text86       006DF2
_TMR1_InterruptHandler                                            nvBANK1      0001D6
_TMR1_SetInterruptHandler                                         text122      007900
_TMR1_WriteTimer                                                  text154      00754E
_TRISA                                                            (abs)        000F88
_TRISAbits                                                        (abs)        000F88
_TRISB                                                            (abs)        000F89
_TRISC                                                            (abs)        000F8A
_TX1REG                                                           (abs)        000F9A
_TX1STA                                                           (abs)        000F9E
_TX1STAbits                                                       (abs)        000F9E
_Tick_Count                                                       text73       004138
_Tick_Count_ISR                                                   text159      0045E4
_Tick_Count_Initialize                                            text72       005034
_TimeCnt_2sec                                                     bssBANK1     000189
_TimmingCnt                                                       bssBANK1     0001A6
_WPUA                                                             (abs)        000F10
_WPUB                                                             (abs)        000F18
_WPUC                                                             (abs)        000F20
_WPUE                                                             (abs)        000F2D
__HRAM                                                            (abs)        000000
__Habs1                                                           abs1         000000
__Hbank0                                                          bank0        000000
__Hbank1                                                          bank1        000000
__Hbank10                                                         bank10       000000
__Hbank11                                                         bank11       000000
__Hbank12                                                         bank12       000000
__Hbank13                                                         bank13       000000
__Hbank14                                                         bank14       000000
__Hbank2                                                          bank2        000000
__Hbank3                                                          bank3        000000
__Hbank4                                                          bank4        000000
__Hbank5                                                          bank5        000000
__Hbank6                                                          bank6        000000
__Hbank7                                                          bank7        000000
__Hbank8                                                          bank8        000000
__Hbank9                                                          bank9        000000
__Hbigbss                                                         bigbss       000000
__Hbigdata                                                        bigdata      000000
__Hbigram                                                         bigram       000000
__Hbss                                                            bss          000000
__HbssBANK1                                                       bssBANK1     000000
__HbssBANK2                                                       bssBANK2     000000
__HbssCOMRAM                                                      bssCOMRAM    000000
__Hcinit                                                          cinit        000000
__Hclrtext                                                        clrtext      000000
__Hcomram                                                         comram       000000
__Hconfig                                                         config       30000C
__Hconst                                                          const        000000
__HcstackBANK0                                                    cstackBANK0  000000
__HcstackBANK1                                                    cstackBANK1  000000
__HcstackBANK2                                                    cstackBANK2  000000
__HcstackCOMRAM                                                   cstackCOMRAM 000000
__Hdata                                                           data         000000
__HdataBANK1                                                      dataBANK1    000000
__HdataBANK3                                                      dataBANK3    000000
__Heeprom_data                                                    eeprom_data  000000
__Hfarbss                                                         farbss       000000
__Hfardata                                                        fardata      000000
__Hibigdata                                                       ibigdata     000000
__Hidata                                                          idata        000000
__HidataBANK1                                                     idataBANK1   000000
__HidataBANK3                                                     idataBANK3   000000
__Hidloc                                                          idloc        200010
__Hifardata                                                       ifardata     000000
__Hinit                                                           init         000132
__Hintcode                                                        intcode      00012E
__Hintcode_body                                                   intcode_body 000000
[...]
strchr@c                                                          cstackCOMRAM 000017
strchr@s                                                          cstackCOMRAM 000015
strcpy@d                                                          cstackCOMRAM 00001D
strcpy@dest                                                       cstackCOMRAM 000015
strcpy@s                                                          cstackCOMRAM 00001B
strcpy@src                                                        cstackCOMRAM 000017
strcspn@c                                                         cstackCOMRAM 00001B
strcspn@i                                                         cstackCOMRAM 00001E
strcspn@s                                                         cstackCOMRAM 000019
strlen@a                                                          cstackCOMRAM 000017
strlen@s                                                          cstackCOMRAM 000015
strncmp@_l                                                        cstackCOMRAM 000015
strncmp@_r                                                        cstackCOMRAM 000017
strncmp@l                                                         cstackCOMRAM 00001C
strncmp@n                                                         cstackCOMRAM 000019
strncmp@r                                                         cstackCOMRAM 00001E
strspn@c                                                          cstackCOMRAM 00001B
strspn@i                                                          cstackCOMRAM 00001E
strspn@s                                                          cstackCOMRAM 000019
strtok@p                                                          bssBANK1     00015D
strtok@s                                                          cstackCOMRAM 000020
strtok@sep                                                        cstackCOMRAM 000022
tempProc@tempData                                                 cstackCOMRAM 000025
tolower@c                                                         cstackCOMRAM 00001B
ttemp5                                                            temp         00004C
ttemp6                                                            temp         00004F
ttemp7                                                            temp         000053
vfpfcnvrt@ap                                                      cstackBANK0  0000EA
vfpfcnvrt@c                                                       cstackBANK1  0001C9
vfpfcnvrt@ct                                                      cstackBANK1  0001C6
vfpfcnvrt@f                                                       cstackBANK1  0001C2
vfpfcnvrt@fmt                                                     cstackBANK0  0000E8
vfpfcnvrt@fp                                                      cstackBANK0  0000E6
vfpfcnvrt@ll                                                      cstackBANK1  0001B8
vfprintf@ap                                                       cstackBANK0  0000F4
vfprintf@cfmt                                                     cstackBANK0  0000F6
vfprintf@fmt                                                      cstackBANK0  0000F2
vfprintf@fp                                                       cstackBANK0  0000F0
wtemp8                                                            temp         00004C


MODULE INFORMATION

Module		Function		Class		Link	Load	Size
mcc_generated_files/mtouch/mtouch_button.c
		_Button_Deviation_Update		CODE           	4BD0	0000	298
		_MTOUCH_Button_Initialize		CODE           	63F8	0000	114
		_MTOUCH_Button_InitializeAll		CODE           	70E8	0000	58
		_Button_Baseline_Update		CODE           	4E18	0000	272
		_Button_State_Pressed		CODE           	605C	0000	152
		_Button_Reading_Update		CODE           	7344	0000	48
		_Button_DefaultCallback		CODE           	796A	0000	2
		_MTOUCH_Button_Reading_Get		CODE           	715A	0000	56
		_Button_State_NotPressed		CODE           	5A9C	0000	206
		_Button_Reading_Update_Helper		CODE           	5DAC	0000	182
		_Button_Service		CODE           	5726	0000	226
		_Button_State_Initializing		CODE           	5808	0000	226
		_MTOUCH_Button_ServiceAll		CODE           	76F2	0000	30
		_Button_Baseline_Initialize		CODE           	6984	0000	94

mcc_generated_files/mtouch/mtouch_button.c estimated size: 1964

C:\Program Files\Microchip\xc8\v2.32\pic\sources\c99\common\awdiv.c
		___awdiv       		CODE           	5B6A	0000	196

C:\Program Files\Microchip\xc8\v2.32\pic\sources\c99\common\awdiv.c estimated size: 196

C:\Program Files\Microchip\xc8\v2.32\pic\sources\c99\common\isdigit.c
		_isdigit       		CODE           	7122	0000	56

C:\Program Files\Microchip\xc8\v2.32\pic\sources\c99\common\isdigit.c estimated size: 56

C:\Program Files\Microchip\xc8\v2.32\pic\sources\c99\common\sprcadd.c
		___flsub       		CODE           	6D22	0000	72
		___fladd       		CODE           	193E	0000	1216

C:\Program Files\Microchip\xc8\v2.32\pic\sources\c99\common\sprcadd.c estimated size: 1288

C:\Program Files\Microchip\xc8\v2.32\pic\sources\c99\common\aldiv.c
		___aldiv       		CODE           	4F28	0000	268

C:\Program Files\Microchip\xc8\v2.32\pic\sources\c99\common\aldiv.c estimated size: 268

mcc_generated_files/fvr.c
		_FVR_Initialize		CODE           	7936	0000	8

mcc_generated_files/fvr.c estimated size: 8

C:\Program Files\Microchip\xc8\v2.32\pic\sources\c99\common\doprnt.c
		_vfpfcnvrt     		CODE           	1DFE	0000	1114
		_efgtoa        		CODE           	0132	0000	3250
		_pad           		CODE           	5C2E	0000	194
		_dtoa          		CODE           	2D92	0000	740
		_vfprintf      		CODE           	64D8	0000	108

C:\Program Files\Microchip\xc8\v2.32\pic\sources\c99\common\doprnt.c estimated size: 5406

C:\Program Files\Microchip\xc8\v2.32\pic\sources\c99\common\flneg.c
		___flneg       		CODE           	71CA	0000	56

C:\Program Files\Microchip\xc8\v2.32\pic\sources\c99\common\flneg.c estimated size: 56

mcc_generated_files/i2c1_master.c
		_I2C1_Initialize		CODE           	7810	0000	20

mcc_generated_files/i2c1_master.c estimated size: 20

C:\Program Files\Microchip\xc8\v2.32\pic\sources\c99\common\strspn.c
		_strspn        		CODE           	6618	0000	102

C:\Program Files\Microchip\xc8\v2.32\pic\sources\c99\common\strspn.c estimated size: 102

mcc_generated_files/interrupt_manager.c
		_INTERRUPT_Initialize		CODE           	795C	0000	4
		_INTERRUPT_InterruptManager		CODE           	0008	0000	294

mcc_generated_files/interrupt_manager.c estimated size: 298

snr_tcn75a.c
		_TEMP_Initialize		CODE           	7632	0000	34
		_TEMP_Read     		CODE           	742C	0000	44

snr_tcn75a.c estimated size: 78

mcc_generated_files/tmr0.c
		_TMR0_SetInterruptHandler		CODE           	78BA	0000	10
		_TMR0_DefaultInterruptHandler		CODE           	796E	0000	2
		_TMR0_CallBack 		CODE           	73FE	0000	46
		_TMR0_ISR      		CODE           	7838	0000	20
		_TMR0_Initialize		CODE           	7072	0000	60

mcc_generated_files/tmr0.c estimated size: 138

mcc_generated_files/mtouch/mtouch.c
		_MTOUCH_Tick   		CODE           	7966	0000	2
		_MTOUCH_Initialize		CODE           	76D4	0000	30
		_MTOUCH_Service_Mainloop		CODE           	6926	0000	94
		_MTOUCH_ScanScheduler		CODE           	7824	0000	20
		_MTOUCH_needReburst		CODE           	7960	0000	4

mcc_generated_files/mtouch/mtouch.c estimated size: 150

i2c.c
		_I2C_Write     		CODE           	7790	0000	22
		_I2C_WriteR8D8 		CODE           	72E0	0000	50
		_I2C_Stop      		CODE           	784C	0000	18
		_I2C_Wait      		CODE           	759C	0000	38
		_I2C_Read      		CODE           	77FC	0000	20
		_I2C_ReadR8D8  		CODE           	6E7A	0000	66
		_I2C_ReadR8D16 		CODE           	69E2	0000	88
		_I2C_Ack       		CODE           	77E8	0000	20
		_I2C_Nack      		CODE           	77A6	0000	22
		_I2C_Initialize		CODE           	75C2	0000	38
		_I2C_Start     		CODE           	785E	0000	18
		_I2C_Restart   		CODE           	7870	0000	18

i2c.c estimated size: 418

mcc_generated_files/pin_manager.c
		_PIN_MANAGER_Initialize		CODE           	6544	0000	108

mcc_generated_files/pin_manager.c estimated size: 108

C:\Program Files\Microchip\xc8\v2.32\pic\sources\c99\common\memcpy.c
		_memcpy        		CODE           	6B8E	0000	84

C:\Program Files\Microchip\xc8\v2.32\pic\sources\c99\common\memcpy.c estimated size: 84

C:\Program Files\Microchip\xc8\v2.32\pic\sources\c99\common\atoi.c
		_atoi          		CODE           	42D2	0000	394

C:\Program Files\Microchip\xc8\v2.32\pic\sources\c99\common\atoi.c estimated size: 394

C:\Program Files\Microchip\xc8\v2.32\pic\sources\c99\common\nf_fputs.c
		_fputs         		CODE           	6DAE	0000	68

C:\Program Files\Microchip\xc8\v2.32\pic\sources\c99\common\nf_fputs.c estimated size: 68

C:\Program Files\Microchip\xc8\v2.32\pic\sources\c99\common\fleq.c
		___fleq        		CODE           	5F12	0000	170

C:\Program Files\Microchip\xc8\v2.32\pic\sources\c99\common\fleq.c estimated size: 170

C:\Program Files\Microchip\xc8\v2.32\pic\sources\c99\common\__fpclassifyf.c
		___fpclassifyf 		CODE           	5450	0000	254

C:\Program Files\Microchip\xc8\v2.32\pic\sources\c99\common\__fpclassifyf.c estimated size: 254

C:\Program Files\Microchip\xc8\v2.32\pic\sources\c99\common\isupper.c
		_isupper       		CODE           	7192	0000	56

C:\Program Files\Microchip\xc8\v2.32\pic\sources\c99\common\isupper.c estimated size: 56

C:\Program Files\Microchip\xc8\v2.32\pic\sources\c99\common\Umul16.c
		___wmul        		CODE           	7576	0000	38

C:\Program Files\Microchip\xc8\v2.32\pic\sources\c99\common\Umul16.c estimated size: 38

C:\Program Files\Microchip\xc8\v2.32\pic\sources\c99\common\abs.c
		_abs           		CODE           	6EBC	0000	64

C:\Program Files\Microchip\xc8\v2.32\pic\sources\c99\common\abs.c estimated size: 64

C:\Program Files\Microchip\xc8\v2.32\pic\sources\c99\common\aomod.c
		___aomod       		CODE           	4A6C	0000	356

C:\Program Files\Microchip\xc8\v2.32\pic\sources\c99\common\aomod.c estimated size: 356

C:\Program Files\Microchip\xc8\v2.32\pic\sources\c99\common\isspace.c
		_isspace       		CODE           	6BE2	0000	82

C:\Program Files\Microchip\xc8\v2.32\pic\sources\c99\common\isspace.c estimated size: 82

C:\Program Files\Microchip\xc8\v2.32\pic\sources\c99\common\strtok.c
		_strtok        		CODE           	5644	0000	226

C:\Program Files\Microchip\xc8\v2.32\pic\sources\c99\common\strtok.c estimated size: 226

C:\Program Files\Microchip\xc8\v2.32\pic\sources\c99\common\strncmp.c
		_strncmp       		CODE           	58EA	0000	220

C:\Program Files\Microchip\xc8\v2.32\pic\sources\c99\common\strncmp.c estimated size: 220

C:\Program Files\Microchip\xc8\v2.32\pic\sources\c99\common\tolower.c
		_tolower       		CODE           	680A	0000	96

C:\Program Files\Microchip\xc8\v2.32\pic\sources\c99\common\tolower.c estimated size: 96

shared
		i2_Sensor_scheduleNextScan		CODE           	3F9C	0000	412
		i2_Sensor_isCalibrated		CODE           	76B4	0000	32
		i2_abs         		CODE           	6EFC	0000	64
		i2_Sensor_isCalibratingAcqTime		CODE           	7694	0000	32
		__initialization		CODE           	646A	0000	100
		_mtouch_button_init		MEDIUMCONST    	FE6B	0000	16
		_mtouch_sensor_init		MEDIUMCONST    	FE7B	0000	9
		_i2c1_fsmStateTable		MEDIUMCONST    	FE3B	0000	32
		TEMP_Calucation@F62		MEDIUMCONST    	FE5B	0000	16
		i2_Sensor_SetTrisBit		CODE           	7272	0000	56
		i2_MTOUCH_Sensor_wasSampled		CODE           	6FF6	0000	62
		i2_MTOUCH_Sensor_isEnabled		CODE           	7034	0000	62

shared estimated size: 893

mcc_generated_files/eusart1.c
		_EUSART1_SetRxInterruptHandler		CODE           	78CE	0000	10
		_EUSART1_SetTxInterruptHandler		CODE           	78C4	0000	10
		_EUSART1_is_rx_ready		CODE           	777A	0000	22
		_EUSART1_Initialize		CODE           	628A	0000	124
		_putch         		CODE           	78B0	0000	10
		_EUSART1_DefaultErrorHandler		CODE           	7956	0000	6
		_EUSART1_SetFramingErrorHandler		CODE           	78E2	0000	10
		_EUSART1_Read  		CODE           	6AE6	0000	84
		_EUSART1_SetOverrunErrorHandler		CODE           	78D8	0000	10
		_EUSART1_SetErrorHandler		CODE           	78EC	0000	10
		_EUSART1_Write 		CODE           	68C8	0000	94
		_EUSART1_Receive_ISR		CODE           	5CF0	0000	188
		_getch         		CODE           	793E	0000	6
		_EUSART1_RxDataHandler		CODE           	74AC	0000	42
		_EUSART1_DefaultOverrunErrorHandler		CODE           	7950	0000	6
		_EUSART1_Transmit_ISR		CODE           	6E36	0000	68
		_EUSART1_DefaultFramingErrorHandler		CODE           	7970	0000	2

mcc_generated_files/eusart1.c estimated size: 702

C:\Program Files\Microchip\xc8\v2.32\pic\sources\c99\common\sprcmul.c
		___flmul       		CODE           	2258	0000	1068

C:\Program Files\Microchip\xc8\v2.32\pic\sources\c99\common\sprcmul.c estimated size: 1068

C:\Program Files\Microchip\xc8\v2.32\pic\sources\c99\common\awmod.c
		___awmod       		CODE           	5E62	0000	176

C:\Program Files\Microchip\xc8\v2.32\pic\sources\c99\common\awmod.c estimated size: 176

mcc_generated_files/mcc.c
		_PMD_Initialize		CODE           	772E	0000	28
		_OSCILLATOR_Initialize		CODE           	7762	0000	24
		_SYSTEM_Initialize		CODE           	73A2	0000	46

mcc_generated_files/mcc.c estimated size: 98

C:\Program Files\Microchip\xc8\v2.32\pic\sources\c99\common\sprcdiv.c
		___fldiv       		CODE           	2684	0000	924

C:\Program Files\Microchip\xc8\v2.32\pic\sources\c99\common\sprcdiv.c estimated size: 924

mcc_generated_files/tmr1.c
		_TMR1_Initialize		CODE           	6DF2	0000	68
		_TMR1_SetInterruptHandler		CODE           	7900	0000	10
		_TMR1_DefaultInterruptHandler		CODE           	796C	0000	2
		_TMR1_CallBack 		CODE           	73D0	0000	46
		_TMR1_WriteTimer		CODE           	754E	0000	40
		_TMR1_ISR      		CODE           	77BC	0000	22

mcc_generated_files/tmr1.c estimated size: 188

tick_cnt.c
		_Tick_Count_Initialize		CODE           	5034	0000	266
		_Tick_Count    		CODE           	4138	0000	410
		_Tick_Count_ISR		CODE           	45E4	0000	392

tick_cnt.c estimated size: 1068

C:\Program Files\Microchip\xc8\v2.32\pic\sources\c99\common\fltol.c
		___fltol       		CODE           	513E	0000	264

C:\Program Files\Microchip\xc8\v2.32\pic\sources\c99\common\fltol.c estimated size: 264

mcc_generated_files/memory.c
		_DATAEE_WriteByte		CODE           	6D6A	0000	68
		_DATAEE_ReadByte		CODE           	774A	0000	24

mcc_generated_files/memory.c estimated size: 92

C:\Program Files\Microchip\xc8\v2.32\pic\sources\c99\common\xxtofl.c
		___xxtofl      		CODE           	3C4C	0000	436

C:\Program Files\Microchip\xc8\v2.32\pic\sources\c99\common\xxtofl.c estimated size: 436

mcc_generated_files/adcc.c
		_ADCC_DefaultInterruptHandler		CODE           	7972	0000	2
		_ADCC_SetADTIInterruptHandler		CODE           	790A	0000	10
		_ADCC_GetSingleConversion		CODE           	7374	0000	46
		_ADCC_ThresholdISR		CODE           	7312	0000	50
		_ADCC_Initialize		CODE           	6748	0000	98

mcc_generated_files/adcc.c estimated size: 206

C:\Program Files\Microchip\xc8\v2.32\pic\sources\c99\common\printf.c
		_printf        		CODE           	74D6	0000	40

C:\Program Files\Microchip\xc8\v2.32\pic\sources\c99\common\printf.c estimated size: 40

C:\Program Files\Microchip\xc8\v2.32\pic\sources\c99\common\nf_fputc.c
		_fputc         		CODE           	60F4	0000	150

C:\Program Files\Microchip\xc8\v2.32\pic\sources\c99\common\nf_fputc.c estimated size: 150

C:\Program Files\Microchip\xc8\v2.32\pic\sources\c99\common\aodiv.c
		___aodiv       		CODE           	445C	0000	392

C:\Program Files\Microchip\xc8\v2.32\pic\sources\c99\common\aodiv.c estimated size: 392

main.c
		_DetectChemicalOut		CODE           	7458	0000	42
		_AllState_off  		CODE           	792E	0000	8
		_saveAllSetting		CODE           	48EC	0000	384
		_tempProc      		CODE           	620C	0000	126
		_monitoringProc		CODE           	328C	0000	532
		_serialProc    		CODE           	59C6	0000	214
		_main          		CODE           	3A72	0000	474
		_eepromDump    		CODE           	618A	0000	130
		_referenceCalibration		CODE           	6B3A	0000	84
		_cmdProc       		CODE           	0DE4	0000	1618
		_loadInitSetting		CODE           	2A20	0000	882
		_baseline_Correction		CODE           	34A0	0000	508
		_varRegistanceProc		CODE           	476C	0000	384
		_DetectWaterOut		CODE           	791E	0000	8
		_Reading_Get_Proc		CODE           	554E	0000	246
		_makeTimmingCallBack		CODE           	78A2	0000	14
		_AVG_Fitering  		CODE           	1436	0000	1288
		_sensorStatus_refresh		CODE           	7964	0000	2
		_DetctNormalOut		CODE           	7926	0000	8
		_showstate     		CODE           	67AA	0000	96
		_referenceCorrection		CODE           	6306	0000	122

main.c estimated size: 7170

C:\Program Files\Microchip\xc8\v2.32\pic\sources\c99\common\strlen.c
		_strlen        		CODE           	72AA	0000	54

C:\Program Files\Microchip\xc8\v2.32\pic\sources\c99\common\strlen.c estimated size: 54

C:\Program Files\Microchip\xc8\v2.32\pic\sources\c99\common\flge.c
		___flge        		CODE           	5246	0000	262

C:\Program Files\Microchip\xc8\v2.32\pic\sources\c99\common\flge.c estimated size: 262

system.c
		_splitCmd      		CODE           	4CFA	0000	286
		_strCmp        		CODE           	65B0	0000	104
		_chkCmd        		CODE           	6380	0000	120

system.c estimated size: 510

C:\Program Files\Microchip\xc8\v2.32\pic\sources\c99\common\floorf.c
		_floorf        		CODE           	3076	0000	534

C:\Program Files\Microchip\xc8\v2.32\pic\sources\c99\common\floorf.c estimated size: 534

C:\Program Files\Microchip\xc8\v2.32\pic\sources\c99\common\strcspn.c
		_strcspn       		CODE           	667E	0000	102

C:\Program Files\Microchip\xc8\v2.32\pic\sources\c99\common\strcspn.c estimated size: 102

mcc_generated_files/mtouch/mtouch_sensor.c
		_MTOUCH_Sensor_isSamplingComplete		CODE           	66E4	0000	100
		_Sensor_setCalibrated		CODE           	7710	0000	30
		_MTOUCH_Sensor_isEnabled		CODE           	6F3C	0000	62
		_Sensor_FrequencyHopping_Autotune_Process		CODE           	388E	0000	484
		_Sensor_isCalibrated		CODE           	7674	0000	32
		_MTOUCH_Sensor_Initialize		CODE           	760E	0000	36
		_Sensor_scheduleNextScan		CODE           	3E00	0000	412
		_Sensor_Sampled_Reset		CODE           	7882	0000	16
		_MTOUCH_Sensor_InitializeAll		CODE           	70AE	0000	58
		_MTOUCH_Sensor_Service		CODE           	534C	0000	260
		_Sensor_DefaultCallback		CODE           	7968	0000	2
		_MTOUCH_Sensor_ADCC_Initialize		CODE           	6CD8	0000	74
		_MTOUCH_Sensor_postAcquisitionProcess		CODE           	6C34	0000	82
		_medianFilter  		CODE           	369C	0000	498
		_MTOUCH_Sensor_isCalibrated		CODE           	6FB8	0000	62
		_MTOUCH_Sensor_Calibrate		CODE           	7526	0000	40
		_MTOUCH_Sensor_Sampled_ResetAll		CODE           	6C86	0000	82
		_MTOUCH_Sensor_Enable		CODE           	74FE	0000	40
		_Sensor_setSampled		CODE           	7892	0000	16
		_Sensor_isCalibratingAcqTime		CODE           	7654	0000	32
		_MTOUCH_Sensor_RawSample_Get		CODE           	723A	0000	56
		_MTOUCH_Sensor_SampleAll		CODE           	75E8	0000	38
		_MTOUCH_Sensor_wasSampled		CODE           	6F7A	0000	62
		_Sensor_SetTrisBit		CODE           	7202	0000	56
		_MTOUCH_Sensor_Scan_Initialize		CODE           	794A	0000	6
		_ADCC_ThresholdISR_mTouch		CODE           	7914	0000	10
		_Sensor_RawSample_Update		CODE           	6A90	0000	86
		_MTOUCH_Sensor_isSampling		CODE           	7944	0000	6
		_Sensor_setSamplePeriod		CODE           	7482	0000	42
		_Sensor_FrequencyHopping		CODE           	78F6	0000	10

mcc_generated_files/mtouch/mtouch_sensor.c estimated size: 2790

C:\Program Files\Microchip\xc8\v2.32\pic\sources\c99\common\strchr.c
		_strchr        		CODE           	6A3A	0000	86

C:\Program Files\Microchip\xc8\v2.32\pic\sources\c99\common\strchr.c estimated size: 86

C:\Program Files\Microchip\xc8\v2.32\pic\sources\c99\common\strcpy.c
		_strcpy        		CODE           	686A	0000	94

C:\Program Files\Microchip\xc8\v2.32\pic\sources\c99\common\strcpy.c estimated size: 94

