Microchip MPLAB XC8 Compiler V3.10

Linker command line:

-W-3 \
  --edf=C:\Program Files\Microchip\xc8\v3.10\pic\dat\20250813170317_en.msgs \
  -cn -h+dist/default/production\Point_Sensor_v1.4.2_bu.production.sym \
  --cmf=dist/default/production\Point_Sensor_v1.4.2_bu.production.cmf -z \
  -Q18F26K40 -oC:\Users\suhji\AppData\Local\Temp\xcAsa558.0\driver_tmp_3.o \
  --defsym=__MPLAB_BUILD=1 --fixupoverflow=error \
  -Mdist/default/production/Point_Sensor_v1.4.2_bu.production.map \
  --md=C:\Users\suhji\AppData\Local\Temp\xcAsa558.0\driver_tmp_0.dat -E1 \
  -ver=XC8 Compiler -ACODE=00h-0FFFFh -ACONST=00h-0FFFFh \
  -ASMALLCONST=0F00h-0FFFhx241 -AMEDIUMCONST=0F00h-0FFFFh -ACOMRAM=01h-05Fh \
  -AABS1=00h-0E87h -ABIGRAM=01h-0E87h \
  -ARAM=060h-0FFh,0100h-01FFhx13,0E00h-0E87h -ABANK0=060h-0FFh \
  -ABANK1=0100h-01FFh -ABANK2=0200h-02FFh -ABANK3=0300h-03FFh \
  -ABANK4=0400h-04FFh -ABANK5=0500h-05FFh -ABANK6=0600h-06FFh \
  -ABANK7=0700h-07FFh -ABANK8=0800h-08FFh -ABANK9=0900h-09FFh \
  -ABANK10=0A00h-0AFFh -ABANK11=0B00h-0BFFh -ABANK12=0C00h-0CFFh \
  -ABANK13=0D00h-0DFFh -ABANK14=0E00h-0E87h \
  -ASFR=0E8Dh-0EFFh,0F00h-0F5Fh,0F60h-0FFFh -ABIGSFR=0E8Dh-0FFFh \
  -ACONFIG=0300000h-030000Bh -AIDLOC=0200000h-020000Fh \
  -AEEDATA=0310000h-03103FFh -peeprom_data=EEDATA \
  -preset_vec=00h,intcode=8h,intcodelo=18h,sivt_lo,sivt_hi=CODE \
  -ppowerup=CODE,init -pramtop=0F00h -psmallconst=SMALLCONST \
  -pmediumconst=MEDIUMCONST -pconst=CONST -AFARRAM=00h-00h \
  -prdata=COMRAM,nvrram=COMRAM,nvbit=COMRAM,rbss=COMRAM,rbit=COMRAM \
  -pfarbss=FARRAM,fardata=FARRAM,nvFARRAM=FARRAM \
  -pintsave_regs=BIGRAM,bigbss=BIGRAM,bigdata=BIGRAM -pbss=RAM \
  -pidata=CODE,irdata=CODE,ibigdata=CODE,ifardata=CODE -prparam=COMRAM \
  C:\Users\suhji\AppData\Local\Temp\xcAsa558.0\driver_tmp_14.o \
  dist/default/production\Point_Sensor_v1.4.2_bu.production.o 

Object code version is 3.11

Machine type is 18F26K40



                Name                               Link     Load   Length Selector   Space Scale
C:\Users\suhji\AppData\Local\Temp\xcAsa558.0\driver_tmp_14.o
                idloc                            200000   200000       10        0       5
                config                           300000   300000        C        0       4
                init                                12A      12A        4        4       0
                reset_vec                             0        0        4        0       0
dist/default/production\Point_Sensor_v1.4.2_bu.production.o
                intcode                               8        8      122        4       0
                idloc                            200000   200000       10        0       5
                config                           300000   300000        C        0       4
                mediumconst                        FE26     FE26      1DA     7F13       0
                text168                            69F4     69F4       1E        4       0
                text167                            6B94     6B94       10     3585       0
                text166                            6394     6394       3C        4       0
                text165                            6358     6358       3C        4       0
                text164                            64EE     64EE       38        4       0
                text163                            69B6     69B6       20        4       0
                text162                            6996     6996       20        4       0
                text161                            3CE2     3CE2      194        4       0
                text160                            6632     6632       34        4       0
                text159                            48EE     48EE      102        4       0
                text158                            6C24     6C24        A     3585       0
                text157                            6C84     6C84        2     3585       0
                text156                            6698     6698       32        4       0
                text155                            682E     682E       28        4       0
                text154                            6C68     6C68        6     3585       0
                text153                            6C82     6C82        2     3585       0
                text152                            6C62     6C62        6     3585       0
                text151                            5278     5278       BA        4       0
                text150                            6264     6264       40        4       0
                text149                            3FF2     3FF2      17A        4       0
                text148                            6BB2     6BB2        E     3585       0
                text147                            6C80     6C80        2     3585       0
                text146                            6784     6784       2E        4       0
                text145                            6B52     6B52       12     3585       0
                text144                            6806     6806       28        4       0
                text143                            6C7E     6C7E        2     3585       0
                text142                            6AE2     6AE2       14        4       0
                text141                            6756     6756       2E        4       0
                text140                            6AA4     6AA4       16        4       0
                text138                            416C     416C      12A        4       0
                text137                            65C8     65C8       36        4       0
                text136                            5332     5332       B6        4       0
                text135                            66CA     66CA       30        4       0
                text134                            5C34     5C34       5E        4       0
                text133                            44C6     44C6      110        4       0
                text132                            6C7C     6C7C        2     3585       0
                text131                            55E0     55E0       96        4       0
                text130                            4DB0     4DB0       DE        4       0
                text129                            5034     5034       C4        4       0
                text128                            68C8     68C8       26        4       0
                text127                            5A40     5A40       68        4       0
                text126                            631C     631C       3C        4       0
                text125                            62E0     62E0       3C        4       0
                text124                            4CCE     4CCE       E2        4       0
                text123                            6A2E     6A2E       1C        4       0
                text122                            59D8     59D8       68        4       0
                text121                            6592     6592       36        4       0
                text120                            68A2     68A2       26        4       0
                text119                            6B84     6B84       10     3585       0
                text118                            6912     6912       24        4       0
                text117                            655C     655C       36        4       0
                text116                            5F98     5F98       52        4       0
                text115                            6C1A     6C1A        A     3585       0
                text114                            6444     6444       3A        4       0
                text113                            6C5C     6C5C        6     3585       0
                text112                            6C10     6C10        A     3585       0
                text111                            69D6     69D6       1E        4       0
                text110                            6C56     6C56        6     3585       0
                text109                            62A4     62A4       3C        4       0
                text108                            64B6     64B6       38        4       0
                text107                            6976     6976       20        4       0
                text106                            6956     6956       20        4       0
                text105                            3B4E     3B4E      194        4       0
                text104                            5BD2     5BD2       62        4       0
                text103                            6C7A     6C7A        2     3585       0
                text102                            3450     3450      1E0        4       0
                text101                            5E9E     5E9E       56        4       0
                text100                            5FEA     5FEA       50        4       0
                text99                             65FE     65FE       34        4       0
                text98                             3630     3630      1D0        4       0
                text97                             67DE     67DE       28        4       0
                text96                             6C06     6C06        A     3585       0
                text95                             687C     687C       26        4       0
                text94                             6C78     6C78        2     3585       0
                text93                             6C72     6C72        4     3585       0
                text92                             5C92     5C92       5C        4       0
                text91                             615C     615C       44        4       0
                text90                             6BFC     6BFC        A     3585       0
                text89                             6BF2     6BF2        A     3585       0
                text88                             6BE8     6BE8        A     3585       0
                text87                             6BDE     6BDE        A     3585       0
                text86                             6BD4     6BD4        A     3585       0
                text85                             5902     5902       6E        4       0
                text84                             6C4E     6C4E        8     3585       0
                text83                             6B74     6B74       10     3585       0
                text82                             6C6E     6C6E        4     3585       0
                text81                             6B40     6B40       12     3585       0
                text80                             5E48     5E48       56        4       0
                text79                             6B64     6B64       10     3585       0
                text78                             6BCA     6BCA        A     3585       0
                text77                             640A     640A       3A        4       0
                text76                             6224     6224       40        4       0
                text75                             6728     6728       2E        4       0
                text74                             6A12     6A12       1C        4       0
                text73                             6A8E     6A8E       16        4       0
                text72                             6ACE     6ACE       14        4       0
                text71                             6B2E     6B2E       12     3585       0
                text70                             6B1C     6B1C       12     3585       0
                text69                             6B0A     6B0A       12     3585       0
                text68                             6856     6856       26        4       0
                text67                             6A78     6A78       16        4       0
                text66                             61E2     61E2       42        4       0
                text65                             6666     6666       32        4       0
                text64                             6936     6936       20        4       0
                text63                             39B4     39B4      19A        4       0
                text62                             49F0     49F0       FC        4       0
                text61                             6118     6118       44        4       0
                text60                             51B8     51B8       C0        4       0
                text59                             53E8     53E8       AE        4       0
                text58                             1F06     1F06      390        4       0
                text57                             5496     5496       AA        4       0
                text56                             47E8     47E8      106        4       0
                text55                             1ADE     1ADE      428        4       0
                text54                             647E     647E       38        4       0
                text53                             1628     1628      4B6        4       0
                text52                             60D0     60D0       48        4       0
                text51                             46E0     46E0      108        4       0
                text50                             4AEC     4AEC       F8        4       0
                text49                             2E56     2E56      216        4       0
                text48                             5DF2     5DF2       56        4       0
                text47                             5D9C     5D9C       56        4       0
                text46                             6BC0     6BC0        A     3585       0
                text45                             4F6A     4F6A       CA        4       0
                text44                             61A0     61A0       42        4       0
                text43                             5970     5970       68        4       0
                text42                             63D0     63D0       3A        4       0
                text41                              12E      12E      9E6        4       0
                text40                             2604     2604      35E        4       0
                text39                             6086     6086       4A        4       0
                text38                             68EE     68EE       24        4       0
                text37                             2962     2962      2CA        4       0
                text36                             5F46     5F46       52        4       0
                text35                             5812     5812       7A        4       0
                text34                             6A62     6A62       16        4       0
                text33                             45D6     45D6      10A        4       0
                text32                             1146     1146      4E2        4       0
                text31                             6526     6526       36        4       0
                text30                             3800     3800      1B4        4       0
                text29                             306C     306C      1FC        4       0
                text28                             4BE4     4BE4       EA        4       0
                text27                             6A4A     6A4A       18        4       0
                text26                             5708     5708       8E        4       0
                text25                             6C46     6C46        8     3585       0
                text24                             2296     2296      36E        4       0
                text23                             4296     4296      11A        4       0
                text22                             5B70     5B70       62        4       0
                text21                             588C     588C       76        4       0
                text20                             5D46     5D46       56        4       0
                text19                             5B0C     5B0C       64        4       0
                text18                             5AA8     5AA8       64        4       0
                text17                             4E8E     4E8E       DC        4       0
                text16                             43B0     43B0      116        4       0
                text15                              B14      B14      632        4       0
                text14                             5EF4     5EF4       52        4       0
                text13                             6BA4     6BA4        E     3585       0
                text12                             2C2C     2C2C      22A        4       0
                text11                             50F8     50F8       C0        4       0
                text10                             6C3E     6C3E        8     3585       0
                text9                              6C36     6C36        8     3585       0
                text8                              6C2E     6C2E        8     3585       0
                text7                              603A     603A       4C        4       0
                text6                              6ABA     6ABA       14        4       0
                text5                              5CEE     5CEE       58        4       0
                text4                              67B2     67B2       2C        4       0
                text3                              5796     5796       7C        4       0
                text2                              66FA     66FA       2E        4       0
                text1                              3E76     3E76      17C        4       0
                text0                              3268     3268      1E8        4       0
                cstackCOMRAM                          2        2       37        2       1
                cstackBANK0                          60       60       91       60       1
                cstackBANK1                         1F9      1F9        6      100       1
                cstackBANK2                         2B8      2B8       14      200       1
                dataBANK3                           300      300       A0      300       1
                bssBANK2                            200      200       B8      200       1
                dataBANK1                           1D6      1D6       13      100       1
                bssBANK1                            100      100       D6      100       1
                dataBANK0                            FE       FE        2       60       1
                bssBANK0                             F1       F1        D       60       1
                bssCOMRAM                            39       39       13        2       1
                cinit                              5676     5676       92        4       0
                nvBANK1                             1E9      1E9       10      100       1
                idataBANK3                         5540     5540       A0        4       0
                idataBANK1                         6AF6     6AF6       13        4       0
                idataBANK0                         6C76     6C76        2     3585       0

TOTAL           Name                               Link     Load   Length     Space
        CLASS   CODE           
                intcode                               8        8      122         0
                init                                12A      12A        4         0
                reset_vec                             0        0        4         0
                text168                            69F4     69F4       1E         0
                text167                            6B94     6B94       10         0
                text166                            6394     6394       3C         0
                text165                            6358     6358       3C         0
                text164                            64EE     64EE       38         0
                text163                            69B6     69B6       20         0
                text162                            6996     6996       20         0
                text161                            3CE2     3CE2      194         0
                text160                            6632     6632       34         0
                text159                            48EE     48EE      102         0
                text158                            6C24     6C24        A         0
                text157                            6C84     6C84        2         0
                text156                            6698     6698       32         0
                text155                            682E     682E       28         0
                text154                            6C68     6C68        6         0
                text153                            6C82     6C82        2         0
                text152                            6C62     6C62        6         0
                text151                            5278     5278       BA         0
                text150                            6264     6264       40         0
                text149                            3FF2     3FF2      17A         0
                text148                            6BB2     6BB2        E         0
                text147                            6C80     6C80        2         0
                text146                            6784     6784       2E         0
                text145                            6B52     6B52       12         0
                text144                            6806     6806       28         0
                text143                            6C7E     6C7E        2         0
                text142                            6AE2     6AE2       14         0
                text141                            6756     6756       2E         0
                text140                            6AA4     6AA4       16         0
                text138                            416C     416C      12A         0
                text137                            65C8     65C8       36         0
                text136                            5332     5332       B6         0
                text135                            66CA     66CA       30         0
                text134                            5C34     5C34       5E         0
                text133                            44C6     44C6      110         0
                text132                            6C7C     6C7C        2         0
                text131                            55E0     55E0       96         0
                text130                            4DB0     4DB0       DE         0
                text129                            5034     5034       C4         0
                text128                            68C8     68C8       26         0
                text127                            5A40     5A40       68         0
                text126                            631C     631C       3C         0
                text125                            62E0     62E0       3C         0
                text124                            4CCE     4CCE       E2         0
                text123                            6A2E     6A2E       1C         0
                text122                            59D8     59D8       68         0
                text121                            6592     6592       36         0
                text120                            68A2     68A2       26         0
                text119                            6B84     6B84       10         0
                text118                            6912     6912       24         0
                text117                            655C     655C       36         0
                text116                            5F98     5F98       52         0
                text115                            6C1A     6C1A        A         0
                text114                            6444     6444       3A         0
                text113                            6C5C     6C5C        6         0
                text112                            6C10     6C10        A         0
                text111                            69D6     69D6       1E         0
                text110                            6C56     6C56        6         0
                text109                            62A4     62A4       3C         0
                text108                            64B6     64B6       38         0
                text107                            6976     6976       20         0
                text106                            6956     6956       20         0
                text105                            3B4E     3B4E      194         0
                text104                            5BD2     5BD2       62         0
                text103                            6C7A     6C7A        2         0
                text102                            3450     3450      1E0         0
                text101                            5E9E     5E9E       56         0
                text100                            5FEA     5FEA       50         0
                text99                             65FE     65FE       34         0
                text98                             3630     3630      1D0         0
                text97                             67DE     67DE       28         0
                text96                             6C06     6C06        A         0
                text95                             687C     687C       26         0
                text94                             6C78     6C78        2         0
                text93                             6C72     6C72        4         0
                text92                             5C92     5C92       5C         0
                text91                             615C     615C       44         0
                text90                             6BFC     6BFC        A         0
                text89                             6BF2     6BF2        A         0
                text88                             6BE8     6BE8        A         0
                text87                             6BDE     6BDE        A         0
                text86                             6BD4     6BD4        A         0
                text85                             5902     5902       6E         0
                text84                             6C4E     6C4E        8         0
                text83                             6B74     6B74       10         0
                text82                             6C6E     6C6E        4         0
                text81                             6B40     6B40       12         0
                text80                             5E48     5E48       56         0
                text79                             6B64     6B64       10         0
                text78                             6BCA     6BCA        A         0
                text77                             640A     640A       3A         0
                text76                             6224     6224       40         0
                text75                             6728     6728       2E         0
                text74                             6A12     6A12       1C         0
                text73                             6A8E     6A8E       16         0
                text72                             6ACE     6ACE       14         0
                text71                             6B2E     6B2E       12         0
                text70                             6B1C     6B1C       12         0
                text69                             6B0A     6B0A       12         0
                text68                             6856     6856       26         0
                text67                             6A78     6A78       16         0
                text66                             61E2     61E2       42         0
                text65                             6666     6666       32         0
                text64                             6936     6936       20         0
                text63                             39B4     39B4      19A         0
                text62                             49F0     49F0       FC         0
                text61                             6118     6118       44         0
                text60                             51B8     51B8       C0         0
                text59                             53E8     53E8       AE         0
                text58                             1F06     1F06      390         0
                text57                             5496     5496       AA         0
                text56                             47E8     47E8      106         0
                text55                             1ADE     1ADE      428         0
                text54                             647E     647E       38         0
                text53                             1628     1628      4B6         0
                text52                             60D0     60D0       48         0
                text51                             46E0     46E0      108         0
                text50                             4AEC     4AEC       F8         0
                text49                             2E56     2E56      216         0
                text48                             5DF2     5DF2       56         0
                text47                             5D9C     5D9C       56         0
                text46                             6BC0     6BC0        A         0
                text45                             4F6A     4F6A       CA         0
                text44                             61A0     61A0       42         0
                text43                             5970     5970       68         0
                text42                             63D0     63D0       3A         0
                text41                              12E      12E      9E6         0
                text40                             2604     2604      35E         0
                text39                             6086     6086       4A         0
                text38                             68EE     68EE       24         0
                text37                             2962     2962      2CA         0
                text36                             5F46     5F46       52         0
                text35                             5812     5812       7A         0
                text34                             6A62     6A62       16         0
                text33                             45D6     45D6      10A         0
                text32                             1146     1146      4E2         0
                text31                             6526     6526       36         0
                text30                             3800     3800      1B4         0
                text29                             306C     306C      1FC         0
                text28                             4BE4     4BE4       EA         0
                text27                             6A4A     6A4A       18         0
                text26                             5708     5708       8E         0
                text25                             6C46     6C46        8         0
                text24                             2296     2296      36E         0
                text23                             4296     4296      11A         0
                text22                             5B70     5B70       62         0
                text21                             588C     588C       76         0
                text20                             5D46     5D46       56         0
                text19                             5B0C     5B0C       64         0
                text18                             5AA8     5AA8       64         0
                text17                             4E8E     4E8E       DC         0
                text16                             43B0     43B0      116         0
                text15                              B14      B14      632         0
                text14                             5EF4     5EF4       52         0
                text13                             6BA4     6BA4        E         0
                text12                             2C2C     2C2C      22A         0
                text11                             50F8     50F8       C0         0
                text10                             6C3E     6C3E        8         0
                text9                              6C36     6C36        8         0
                text8                              6C2E     6C2E        8         0
                text7                              603A     603A       4C         0
                text6                              6ABA     6ABA       14         0
                text5                              5CEE     5CEE       58         0
                text4                              67B2     67B2       2C         0
                text3                              5796     5796       7C         0
                text2                              66FA     66FA       2E         0
                text1                              3E76     3E76      17C         0
                text0                              3268     3268      1E8         0
                cinit                              5676     5676       92         0
                idataBANK3                         5540     5540       A0         0
                idataBANK1                         6AF6     6AF6       13         0
                idataBANK0                         6C76     6C76        2         0

        CLASS   CONST          

        CLASS   SMALLCONST     

        CLASS   MEDIUMCONST    
                mediumconst                        FE26     FE26      1DA         0

        CLASS   COMRAM         
                cstackCOMRAM                          2        2       37         1
                bssCOMRAM                            39       39       13         1

        CLASS   ABS1           
                abs_s1                                1        1        1         1

        CLASS   BIGRAM         

        CLASS   RAM            

        CLASS   BANK0          
                cstackBANK0                          60       60       91         1
                dataBANK0                            FE       FE        2         1
                bssBANK0                             F1       F1        D         1

        CLASS   BANK1          
                cstackBANK1                         1F9      1F9        6         1
                dataBANK1                           1D6      1D6       13         1
                bssBANK1                            100      100       D6         1
                nvBANK1                             1E9      1E9       10         1

        CLASS   BANK2          
                cstackBANK2                         2B8      2B8       14         1
                bssBANK2                            200      200       B8         1

        CLASS   BANK3          
                dataBANK3                           300      300       A0         1

        CLASS   BANK4          

        CLASS   BANK5          

        CLASS   BANK6          

        CLASS   BANK7          

        CLASS   BANK8          

        CLASS   BANK9          

        CLASS   BANK10         

        CLASS   BANK11         

        CLASS   BANK12         

        CLASS   BANK13         

        CLASS   BANK14         

        CLASS   SFR            

        CLASS   BIGSFR         

        CLASS   CONFIG         
                config                           300000   300000        C         4

        CLASS   IDLOC          
                idloc                            200000   200000       10         5

        CLASS   EEDATA         

        CLASS   FARRAM         

        CLASS   HEAP           

        CLASS   STACK          



SEGMENTS        Name                           Load    Length   Top    Selector   Space  Class

                reset_vec                      000000  000004  000004         0       0  CODE    
                cstackCOMRAM                   000002  00004A  00004C         2       1  COMRAM  
                intcode                        000008  006B01  006B09         4       0  CODE    
                cstackBANK0                    000060  0000A0  000100        60       1  BANK0   
                bssBANK1                       000100  0000FF  0001FF       100       1  BANK1   
                bssBANK2                       000200  0000CC  0002CC       200       1  BANK2   
                dataBANK3                      000300  0000A0  0003A0       300       1  BANK3   
                text69                         006B0A  00017C  006C86      3585       0  CODE    
                mediumconst                    00FE26  0001DA  010000      7F13       0  MEDIUMCO


UNUSED ADDRESS RANGES

        Name                Unused          Largest block    Delta
        BANK1            0001FF-0001FF                1
        BANK10           000A00-000AFF              100
        BANK11           000B00-000BFF              100
        BANK12           000C00-000CFF              100
        BANK13           000D00-000DFF              100
        BANK14           000E00-000E87               88
        BANK2            0002CC-0002FF               34
        BANK3            0003A0-0003FF               60
        BANK4            000400-0004FF              100
        BANK5            000500-0005FF              100
        BANK6            000600-0006FF              100
        BANK7            000700-0007FF              100
        BANK8            000800-0008FF              100
        BANK9            000900-0009FF              100
        BIGRAM           00004C-00005F               14
                         0001FF-0001FF                1
                         0002CC-0002FF               34
                         0003A0-000E87              AE8
        BIGSFR           000E8D-000FFF              173
        CODE             000004-000007                4
                         006B09-006B09                1
                         006C86-00FE25             91A0
        COMRAM           00004C-00005F               14
        CONST            000004-000007                4
                         006B09-006B09                1
                         006C86-00FE25             91A0
        EEDATA           310000-3103FF              400
        MEDIUMCONST      006B09-006B09                1
                         006C86-00FE25             91A0
        RAM              0001FF-0001FF                1
                         0002CC-0002FF               34
                         0003A0-000E87              100
        SFR              000E8D-000FFF               73
        SMALLCONST       006B09-006B09                1
                         006C86-00FE25              100

                                  Symbol Table

?_ADCC_GetSingleConversion                                        cstackCOMRAM 000016
?_I2C_ReadR8D16                                                   cstackCOMRAM 000017
?_MTOUCH_Button_Reading_Get                                       cstackCOMRAM 000016
?_MTOUCH_Sensor_RawSample_Get                                     cstackCOMRAM 000016
?_TEMP_Read                                                       cstackCOMRAM 00001E
?___aldiv                                                         cstackCOMRAM 000016
?___awdiv                                                         cstackCOMRAM 000016
?___awmod                                                         cstackCOMRAM 000016
?___fladd                                                         cstackCOMRAM 000024
?___fldiv                                                         cstackBANK0  000060
?___flmul                                                         cstackBANK0  00007D
?___flneg                                                         cstackCOMRAM 000016
?___flsub                                                         cstackBANK0  000075
?___fltol                                                         cstackBANK0  000096
?___fpclassifyf                                                   cstackCOMRAM 000016
?___xxtofl                                                        cstackCOMRAM 000016
?_abs                                                             cstackCOMRAM 00001C
?_atoi                                                            cstackCOMRAM 000016
?_chkCmd                                                          cstackCOMRAM 00001E
?_floorf                                                          cstackBANK0  000075
?_getch                                                           cstackCOMRAM 000017
?_labs                                                            cstackCOMRAM 000016
?_medianFilter                                                    cstackCOMRAM 000016
?_printf                                                          cstackBANK1  0001F9
?_splitCmd                                                        cstackCOMRAM 000025
?_strCmp                                                          cstackCOMRAM 000016
?_strchr                                                          cstackCOMRAM 000016
?_strcspn                                                         cstackCOMRAM 00001A
?_strspn                                                          cstackCOMRAM 00001A
?_strtok                                                          cstackCOMRAM 000021
?_vfprintf                                                        cstackBANK0  0000E5
?i2_abs                                                           cstackCOMRAM 000002
ADCC_GetSingleConversion@channel                                  cstackCOMRAM 00001A
ADCC_SetADTIInterruptHandler@InterruptHandler                     cstackCOMRAM 000016
AVG_Fitering@_data                                                cstackCOMRAM 000024
AVG_Fitering@_inputData                                           cstackCOMRAM 000026
AVG_Fitering@i                                                    cstackCOMRAM 000028
Button_Baseline_Initialize@button                                 cstackCOMRAM 000019
Button_Baseline_Update@button                                     cstackCOMRAM 000016
Button_DefaultCallback@button                                     cstackCOMRAM 000016
Button_Deviation_Update@button                                    cstackCOMRAM 000016
Button_Deviation_Update@deviation                                 cstackCOMRAM 000022
Button_Reading_Update@button                                      cstackCOMRAM 00001E
Button_Reading_Update_Helper@button                               cstackCOMRAM 000019
Button_Service@button                                             cstackCOMRAM 00002A
Button_Service@name                                               cstackCOMRAM 000029
Button_State_Initializing@button                                  cstackCOMRAM 00001F
Button_State_NotPressed@button                                    cstackCOMRAM 00001F
Button_State_Pressed@button                                       cstackCOMRAM 00001F
DATAEE_ReadByte@bAdd                                              cstackCOMRAM 000016
DATAEE_WriteByte@GIEBitValue                                      cstackCOMRAM 000019
DATAEE_WriteByte@bAdd                                             cstackCOMRAM 000016
DATAEE_WriteByte@bData                                            cstackCOMRAM 000018
EUSART1_Read@readValue                                            cstackCOMRAM 000016
EUSART1_SetErrorHandler@interruptHandler                          cstackCOMRAM 000016
EUSART1_SetFramingErrorHandler@interruptHandler                   cstackCOMRAM 000016
EUSART1_SetOverrunErrorHandler@interruptHandler                   cstackCOMRAM 000016
EUSART1_SetRxInterruptHandler@interruptHandler                    cstackCOMRAM 000016
EUSART1_SetTxInterruptHandler@interruptHandler                    cstackCOMRAM 000016
EUSART1_Write@txData                                              cstackCOMRAM 000016
I2C_ReadR8D16@highdata                                            cstackCOMRAM 00001B
I2C_ReadR8D16@lowdata                                             cstackCOMRAM 00001C
I2C_ReadR8D16@regAddr                                             cstackCOMRAM 000017
I2C_ReadR8D16@slaveAddr                                           cstackCOMRAM 00001D
I2C_ReadR8D8@regAddr                                              cstackCOMRAM 000017
I2C_ReadR8D8@slaveAddr                                            cstackCOMRAM 000018
I2C_Write@data                                                    cstackCOMRAM 000016
I2C_WriteR8D8@data                                                cstackCOMRAM 000018
I2C_WriteR8D8@regAddr                                             cstackCOMRAM 000017
I2C_WriteR8D8@slaveAddr                                           cstackCOMRAM 000019
MTOUCH_Button_Initialize@button                                   cstackCOMRAM 000018
MTOUCH_Button_Initialize@name                                     cstackCOMRAM 000017
MTOUCH_Button_InitializeAll@button                                cstackCOMRAM 000021
MTOUCH_Button_Reading_Get@name                                    cstackCOMRAM 000018
MTOUCH_Button_ServiceAll@button                                   cstackCOMRAM 00002C
MTOUCH_Sensor_Calibrate@sensor                                    cstackCOMRAM 000016
MTOUCH_Sensor_Enable@sensor                                       cstackCOMRAM 000016
MTOUCH_Sensor_Initialize@sensor                                   cstackCOMRAM 000018
MTOUCH_Sensor_InitializeAll@sensor                                cstackCOMRAM 000021
MTOUCH_Sensor_RawSample_Get@name                                  cstackCOMRAM 000018
MTOUCH_Sensor_Sampled_ResetAll@sensor                             cstackCOMRAM 000018
MTOUCH_Sensor_Service@sensor                                      cstackCOMRAM 00000E
MTOUCH_Sensor_isCalibrated@sensor                                 cstackCOMRAM 000016
MTOUCH_Sensor_isEnabled@sensor                                    cstackCOMRAM 000016
MTOUCH_Sensor_isSamplingComplete@sensor                           cstackCOMRAM 000020
MTOUCH_Sensor_postAcquisitionProcess@name                         cstackCOMRAM 000022
MTOUCH_Sensor_wasSampled@sensor                                   cstackCOMRAM 000016
Sensor_DefaultCallback@sensor                                     cstackCOMRAM 000016
Sensor_FrequencyHopping_Autotune_Process@frequencyIndex           cstackCOMRAM 00002F
Sensor_FrequencyHopping_Autotune_Process@maxVariance              cstackCOMRAM 00002B
Sensor_FrequencyHopping_Autotune_Process@newfrequencyFound        cstackCOMRAM 000028
Sensor_FrequencyHopping_Autotune_Process@selectedFrequency        cstackCOMRAM 00002E
Sensor_FrequencyHopping_Autotune_Process@sensor                   cstackCOMRAM 00002D
Sensor_FrequencyHopping_Autotune_Process@variance                 cstackCOMRAM 000029
Sensor_FrequencyHopping_Autotune_Process@varianceOverLimitCounter bssBANK1     00016A
Sensor_RawSample_Update@result                                    cstackCOMRAM 000020
Sensor_RawSample_Update@sensor                                    cstackCOMRAM 00001E
Sensor_Sampled_Reset@sensor                                       cstackCOMRAM 000016
Sensor_SetTrisBit@TrisBit                                         cstackCOMRAM 000016
Sensor_SetTrisBit@sensor                                          cstackCOMRAM 000019
Sensor_isCalibrated@sensor                                        cstackCOMRAM 000016
Sensor_isCalibratingAcqTime@sensor                                cstackCOMRAM 000016
Sensor_scheduleNextScan@sensor                                    cstackCOMRAM 00001E
Sensor_scheduleNextScan@skipScan                                  cstackCOMRAM 00001D
Sensor_scheduleNextScan@state                                     cstackCOMRAM 00001C
Sensor_setCalibrated@sensor                                       cstackCOMRAM 000002
Sensor_setSampled@sensor                                          cstackCOMRAM 000002
TEMP_Calucation@F62                                               mediumconst  00FE47
TEMP_Initialize@returnData                                        cstackCOMRAM 00001A
TEMP_Read@tmpData                                                 cstackCOMRAM 000021
TMR0_SetInterruptHandler@InterruptHandler                         cstackCOMRAM 000016
TMR1_SetInterruptHandler@InterruptHandler                         cstackCOMRAM 000016
TMR1_WriteTimer@timerVal                                          cstackCOMRAM 000002
Tick_Count@_time                                                  cstackCOMRAM 000016
Tick_Count_ISR@_time                                              cstackCOMRAM 000002
Tick_Count_Initialize@_time                                       cstackCOMRAM 000016
_ADACC                                                            (abs)        000F70
_ADACCH                                                           (abs)        000F71
_ADACCL                                                           (abs)        000F70
_ADACQ                                                            (abs)        000F5C
_ADACT                                                            (abs)        000F56
_ADCAP                                                            (abs)        000F5D
_ADCC_ADTI_InterruptHandler                                       nvBANK1      0001F3
_ADCC_DefaultInterruptHandler                                     text157      006C84
_ADCC_GetSingleConversion                                         text2        0066FA
_ADCC_Initialize                                                  text91       00615C
_ADCC_SetADTIInterruptHandler                                     text115      006C1A
_ADCC_ThresholdISR                                                text156      006698
_ADCC_ThresholdISR_mTouch                                         text158      006C24
_ADCLK                                                            (abs)        000F57
_ADCNT                                                            (abs)        000F67
_ADCON0                                                           (abs)        000F60
_ADCON0bits                                                       (abs)        000F60
_ADCON1                                                           (abs)        000F59
_ADCON1bits                                                       (abs)        000F59
_ADCON2                                                           (abs)        000F5A
_ADCON2bits                                                       (abs)        000F5A
_ADCON3                                                           (abs)        000F5B
_ADCON3bits                                                       (abs)        000F5B
_ADERRH                                                           (abs)        000F6F
_ADERRL                                                           (abs)        000F6E
_ADFLTR                                                           (abs)        000F72
_ADFLTRH                                                          (abs)        000F73
_ADFLTRL                                                          (abs)        000F72
_ADLTHH                                                           (abs)        000F6B
_ADLTHL                                                           (abs)        000F6A
_ADPCH                                                            (abs)        000F5F
_ADPRE                                                            (abs)        000F5E
_ADPREVH                                                          (abs)        000F62
_ADPREVL                                                          (abs)        000F61
_ADREF                                                            (abs)        000F58
_ADRESH                                                           (abs)        000F64
_ADRESL                                                           (abs)        000F63
_ADRPT                                                            (abs)        000F66
_ADSTAT                                                           (abs)        000F65
_ADSTATbits                                                       (abs)        000F65
_ADSTPTH                                                          (abs)        000F69
_ADSTPTL                                                          (abs)        000F68
_ADUTHH                                                           (abs)        000F6D
_ADUTHL                                                           (abs)        000F6C
_ANSELA                                                           (abs)        000F11
_ANSELB                                                           (abs)        000F19
_ANSELC                                                           (abs)        000F21
_AVG_Fitering                                                     text32       001146
_AllState_off                                                     text25       006C46
_BAUD1CON                                                         (abs)        000F9F
_Button_Baseline_Initialize                                       text134      005C34
_Button_Baseline_Update                                           text133      0044C6
_Button_DefaultCallback                                           text132      006C7C
_Button_Deviation_Update                                          text138      00416C
_Button_Reading_Update                                            text135      0066CA
_Button_Reading_Update_Helper                                     text136      005332
_Button_Service                                                   text124      004CCE
_Button_StateMachine                                              dataBANK1    0001D6
_Button_State_Initializing                                        text130      004DB0
_Button_State_NotPressed                                          text129      005034
_Button_State_Pressed                                             text131      0055E0
_DATAEE_ReadByte                                                  text27       006A4A
_DATAEE_WriteByte                                                 text61       006118
_DetctNormalOut                                                   text10       006C3E
_DetectChemicalOut                                                text9        006C36
_DetectLevel                                                      bssBANK1     000195
_DetectWaterOut                                                   text8        006C2E
_EUSART1_DefaultErrorHandler                                      text154      006C68
_EUSART1_DefaultFramingErrorHandler                               text153      006C82
_EUSART1_DefaultOverrunErrorHandler                               text152      006C62
_EUSART1_ErrorHandler                                             nvBANK1      0001ED
_EUSART1_FramingErrorHandler                                      nvBANK1      0001F1
_EUSART1_Initialize                                               text85       005902
_EUSART1_OverrunErrorHandler                                      nvBANK1      0001EF
_EUSART1_Read                                                     text14       005EF4
_EUSART1_Receive_ISR                                              text151      005278
_EUSART1_RxDataHandler                                            text155      00682E
_EUSART1_RxDefaultInterruptHandler                                nvBANK1      0001F5
_EUSART1_SetErrorHandler                                          text90       006BFC
_EUSART1_SetFramingErrorHandler                                   text89       006BF2
_EUSART1_SetOverrunErrorHandler                                   text88       006BE8
_EUSART1_SetRxInterruptHandler                                    text87       006BDE
_EUSART1_SetTxInterruptHandler                                    text86       006BD4
_EUSART1_Transmit_ISR                                             text150      006264
_EUSART1_TxDefaultInterruptHandler                                nvBANK1      0001F7
_EUSART1_Write                                                    text47       005D9C
_EUSART1_is_rx_ready                                              text34       006A62
_FVRCON                                                           (abs)        000F31
_FVRCONbits                                                       (abs)        000F31
_FVR_Initialize                                                   text84       006C4E
_GIE                                                              (abs)        007F97
_I2C1_CallbackReturnReset                                         (abs)        000000
_I2C1_CallbackReturnStop                                          (abs)        000000
_I2C1_DO_ADDRESS_NACK                                             (abs)        000000
_I2C1_DO_IDLE                                                     (abs)        000000
_I2C1_DO_RCEN                                                     (abs)        000000
_I2C1_DO_RESET                                                    (abs)        000000
_I2C1_DO_RX                                                       (abs)        000000
_I2C1_DO_RX_ACK                                                   (abs)        000000
_I2C1_DO_RX_NACK_RESTART                                          (abs)        000000
_I2C1_DO_RX_NACK_STOP                                             (abs)        000000
_I2C1_DO_SEND_ADR_READ                                            (abs)        000000
_I2C1_DO_SEND_ADR_WRITE                                           (abs)        000000
_I2C1_DO_SEND_RESTART                                             (abs)        000000
_I2C1_DO_SEND_RESTART_READ                                        (abs)        000000
_I2C1_DO_SEND_RESTART_WRITE                                       (abs)        000000
_I2C1_DO_SEND_STOP                                                (abs)        000000
_I2C1_DO_TX                                                       (abs)        000000
_I2C1_DO_TX_EMPTY                                                 (abs)        000000
_I2C1_Initialize                                                  text83       006B74
_I2C1_Status                                                      bssBANK1     000100
_I2C_Ack                                                          text6        006ABA
_I2C_Initialize                                                   text74       006A12
_I2C_Nack                                                         text73       006A8E
_I2C_Read                                                         text72       006ACE
_I2C_ReadR8D16                                                    text5        005CEE
_I2C_ReadR8D8                                                     text66       0061E2
_I2C_Restart                                                      text71       006B2E
_I2C_Start                                                        text70       006B1C
_I2C_Stop                                                         text69       006B0A
_I2C_Wait                                                         text68       006856
_I2C_Write                                                        text67       006A78
_I2C_WriteR8D8                                                    text65       006666
_INLVLA                                                           (abs)        000F0D
_INLVLB                                                           (abs)        000F15
_INLVLC                                                           (abs)        000F1D
_INLVLE                                                           (abs)        000F2A
_INTCONbits                                                       (abs)        000FF2
_INTERRUPT_Initialize                                             text82       006C6E
_INTERRUPT_InterruptManager                                       intcode      000008
_Init_time_cnt                                                    dataBANK1    0001DF
_LATA                                                             (abs)        000F83
_LATB                                                             (abs)        000F84
_LATC                                                             (abs)        000F85
_LATCbits                                                         (abs)        000F85
_MTOUCH_Button_Initialize                                         text127      005A40
_MTOUCH_Button_InitializeAll                                      text121      006592
_MTOUCH_Button_Reading_Get                                        text31       006526
_MTOUCH_Button_ServiceAll                                         text123      006A2E
_MTOUCH_Initialize                                                text111      0069D6
_MTOUCH_ScanScheduler                                             text142      006AE2
_MTOUCH_Sensor_ADCC_Initialize                                    text114      006444
_MTOUCH_Sensor_Calibrate                                          text128      0068C8
_MTOUCH_Sensor_Enable                                             text120      0068A2
_MTOUCH_Sensor_Initialize                                         text118      006912
_MTOUCH_Sensor_InitializeAll                                      text117      00655C
_MTOUCH_Sensor_RawSample_Get                                      text137      0065C8
_MTOUCH_Sensor_SampleAll                                          text95       00687C
_MTOUCH_Sensor_Sampled_ResetAll                                   text116      005F98
_MTOUCH_Sensor_Scan_Initialize                                    text113      006C5C
_MTOUCH_Sensor_Service                                            text159      0048EE
_MTOUCH_Sensor_isCalibrated                                       text126      00631C
_MTOUCH_Sensor_isEnabled                                          text109      0062A4
_MTOUCH_Sensor_isSampling                                         text110      006C56
_MTOUCH_Sensor_isSamplingComplete                                 text104      005BD2
_MTOUCH_Sensor_postAcquisitionProcess                             text100      005FEA
_MTOUCH_Sensor_wasSampled                                         text125      0062E0
_MTOUCH_Service_Mainloop                                          text92       005C92
_MTOUCH_Tick                                                      text94       006C78
_MTOUCH_needReburst                                               text93       006C72
_NVMADRH                                                          (abs)        000F7F
_NVMADRL                                                          (abs)        000F7E
_NVMCON1bits                                                      (abs)        000F81
_NVMCON2                                                          (abs)        000F82
_NVMDAT                                                           (abs)        000F80
_ODCONA                                                           (abs)        000F0F
_ODCONB                                                           (abs)        000F17
_ODCONC                                                           (abs)        000F1F
_OSCCON1                                                          (abs)        000ED8
_OSCCON3                                                          (abs)        000EDA
_OSCEN                                                            (abs)        000EDC
_OSCFRQ                                                           (abs)        000EDE
_OSCILLATOR_Initialize                                            text81       006B40
_OSCTUNE                                                          (abs)        000EDD
_ObsolecenceEnableTimeCnt                                         bssBANK1     000179
_PIE0bits                                                         (abs)        000EC2
_PIE1bits                                                         (abs)        000EC3
_PIE3bits                                                         (abs)        000EC5
_PIE4bits                                                         (abs)        000EC6
_PIN_MANAGER_Initialize                                           text80       005E48
_PIR0bits                                                         (abs)        000ECA
_PIR1bits                                                         (abs)        000ECB
_PIR3bits                                                         (abs)        000ECD
_PIR4bits                                                         (abs)        000ECE
_PIR7bits                                                         (abs)        000ED1
_PMD0                                                             (abs)        000EE1
_PMD1                                                             (abs)        000EE2
_PMD2                                                             (abs)        000EE3
_PMD3                                                             (abs)        000EE4
_PMD4                                                             (abs)        000EE5
_PMD5                                                             (abs)        000EE6
_PMD_Initialize                                                   text79       006B64
_PreSensorStatus                                                  bssBANK1     000185
_RC1REG                                                           (abs)        000F99
_RC1STA                                                           (abs)        000F9D
_RC1STAbits                                                       (abs)        000F9D
_RC3PPS                                                           (abs)        000EFA
_RC4PPS                                                           (abs)        000EFB
_RC6PPS                                                           (abs)        000EFD
_RD_avg                                                           bssBANK1     00019C
_RX1PPS                                                           (abs)        000EB5
_Reading_Get_Proc                                                 text28       004BE4
_RecoveryBaseline                                                 bssBANK0     0000F3
_RecoveryCnt                                                      bssBANK0     0000FB
_SLRCONA                                                          (abs)        000F0E
_SLRCONB                                                          (abs)        000F16
_SLRCONC                                                          (abs)        000F1E
_SP1BRGH                                                          (abs)        000F9C
_SP1BRGL                                                          (abs)        000F9B
_SSP1ADD                                                          (abs)        000F93
_SSP1BUF                                                          (abs)        000F92
_SSP1CLKPPS                                                       (abs)        000EB7
_SSP1CON1                                                         (abs)        000F96
_SSP1CON1bits                                                     (abs)        000F96
_SSP1CON2                                                         (abs)        000F97
_SSP1CON2bits                                                     (abs)        000F97
_SSP1CON3                                                         (abs)        000F98
_SSP1DATPPS                                                       (abs)        000EB8
_SSP1STAT                                                         (abs)        000F95
_SSP1STATbits                                                     (abs)        000F95
_SYSTEM_Initialize                                                text75       006728
_SensorThreshold                                                  bssBANK1     00017D
_Sensor_DefaultCallback                                           text103      006C7A
_Sensor_FrequencyHopping                                          text96       006C06
_Sensor_FrequencyHopping_Autotune_Process                         text98       003630
_Sensor_RawSample_Update                                          text101      005E9E
_Sensor_Sampled_Reset                                             text119      006B84
_Sensor_SetTrisBit                                                text108      0064B6
_Sensor_isCalibrated                                              text107      006976
_Sensor_isCalibratingAcqTime                                      text106      006956
_Sensor_scheduleNextScan                                          text105      003B4E
_Sensor_setCalibrated                                             text168      0069F4
_Sensor_setSamplePeriod                                           text97       0067DE
_Sensor_setSampled                                                text167      006B94
_T0CON0                                                           (abs)        000FD5
_T0CON0bits                                                       (abs)        000FD5
_T0CON1                                                           (abs)        000FD6
_T1CLK                                                            (abs)        000FD2
_T1CON                                                            (abs)        000FCF
_T1CONbits                                                        (abs)        000FCF
_T1GATE                                                           (abs)        000FD1
_T1GCON                                                           (abs)        000FD0
_T1GCONbits                                                       (abs)        000FD0
_TABLAT                                                           (abs)        000FF5
_TBLPTRH                                                          (abs)        000FF7
_TBLPTRL                                                          (abs)        000FF6
_TBLPTRU                                                          (abs)        000FF8
_TEMP_Initialize                                                  text64       006936
_TEMP_Read                                                        text4        0067B2
_TMR0H                                                            (abs)        000FD4
_TMR0L                                                            (abs)        000FD3
_TMR0_CallBack                                                    text146      006784
_TMR0_DefaultInterruptHandler                                     text147      006C80
_TMR0_ISR                                                         text145      006B52
_TMR0_Initialize                                                  text77       00640A
_TMR0_InterruptHandler                                            nvBANK1      0001EB
_TMR0_SetInterruptHandler                                         text78       006BCA
_TMR1H                                                            (abs)        000FCE
_TMR1L                                                            (abs)        000FCD
_TMR1_CallBack                                                    text141      006756
_TMR1_DefaultInterruptHandler                                     text143      006C7E
_TMR1_ISR                                                         text140      006AA4
_TMR1_Initialize                                                  text76       006224
_TMR1_InterruptHandler                                            nvBANK1      0001E9
_TMR1_SetInterruptHandler                                         text112      006C10
_TMR1_WriteTimer                                                  text144      006806
_TRISA                                                            (abs)        000F88
_TRISAbits                                                        (abs)        000F88
_TRISB                                                            (abs)        000F89
_TRISC                                                            (abs)        000F8A
_TX1REG                                                           (abs)        000F9A
_TX1STA                                                           (abs)        000F9E
_TX1STAbits                                                       (abs)        000F9E
_Tick_Count                                                       text63       0039B4
_Tick_Count_ISR                                                   text149      003FF2
_Tick_Count_Initialize                                            text62       0049F0
_TimeCnt_2sec                                                     bssBANK1     000192
_TimmingCnt                                                       bssBANK1     0001C4
_WPUA                                                             (abs)        000F10
_WPUB                                                             (abs)        000F18
_WPUC                                                             (abs)        000F20
_WPUE                                                             (abs)        000F2D
__HRAM                                                            (abs)        000000
__H__absolute__                                                   __absolute__ 000000
__Habs1                                                           abs1         000000
__Hbank0                                                          bank0        000000
__Hbank1                                                          bank1        000000
__Hbank10                                                         bank10       000000
__Hbank11                                                         bank11       000000
__Hbank12                                                         bank12       000000
__Hbank13                                                         bank13       000000
__Hbank14                                                         bank14       000000
__Hbank2                                                          bank2        000000
__Hbank3                                                          bank3        000000
__Hbank4                                                          bank4        000000
__Hbank5                                                          bank5        000000
__Hbank6                                                          bank6        000000
__Hbank7                                                          bank7        000000
__Hbank8                                                          bank8        000000
__Hbank9                                                          bank9        000000
__Hbigbss                                                         bigbss       000000
__Hbigdata                                                        bigdata      000000
__Hbigram                                                         bigram       000000
__Hbigsfr                                                         bigsfr       000000
__Hbss                                                            bss          000000
__HbssBANK0                                                       bssBANK0     000000
__HbssBANK1                                                       bssBANK1     000000
__HbssBANK2                                                       bssBANK2     000000
__HbssCOMRAM                                                      bssCOMRAM    000000
__Hcinit                                                          cinit        000000
__Hclrtext                                                        clrtext      000000
__Hcomram                                                         comram       000000
__Hconfig                                                         config       30000C
__Hconst                                                          const        000000
__HcstackBANK0                                                    cstackBANK0  000000
__HcstackBANK1                                                    cstackBANK1  000000
__HcstackBANK2                                                    cstackBANK2  000000
__HcstackCOMRAM                                                   cstackCOMRAM 000000
__Hdata                                                           data         000000
__HdataBANK0                                                      dataBANK0    000000
__HdataBANK1                                                      dataBANK1    000000
__HdataBANK3                                                      dataBANK3    000000
__Heeprom_data                                                    eeprom_data  000000
__Hfarbss                                                         farbss       000000
__Hfardata                                                        fardata      000000
__Hheap                                                           heap         000000
__Hibigdata                                                       ibigdata     000000
__Hidata                                                          idata        000000
__HidataBANK0                                                     idataBANK0   000000
__HidataBANK1                                                     idataBANK1   000000
__HidataBANK3                                                     idataBANK3   000000
__Hidloc                                                          idloc        200010
__Hifardata                                                       ifardata     000000
__Hinit                                                           init         00012E
__Hintcode                                                        intcode      00012A
__Hintcode_body                                                   intcode_body 000000
__Hintcodelo                                                      intcodelo    000018
__Hintentry                                                       intentry     000000
__Hintret                                                         intret       000000
__Hintsave_regs                                                   intsave_regs 000000
__Hirdata                                                         irdata       000000
__Hmediumconst                                                    mediumconst  010000
__HnvBANK1                                                        nvBANK1      000000
__HnvFARRAM                                                       nvFARRAM     000000
__Hnvbit                                                          nvbit        000000
__Hnvrram                                                         nvrram       000000
__Hparam                                                          rparam       000000
__Hpowerup                                                        powerup      000000
__Hram                                                            ram          000000
__Hramtop                                                         ramtop       000F00
[...]
isa$xinst                                                         (abs)        000000
labs@a                                                            cstackCOMRAM 000016
medianFilter@bufferIndex                                          bssCOMRAM    000049
medianFilter@sensor                                               cstackCOMRAM 00001D
memcpy@d                                                          cstackCOMRAM 00001D
memcpy@d1                                                         cstackCOMRAM 000016
memcpy@n                                                          cstackCOMRAM 00001A
memcpy@s                                                          cstackCOMRAM 00001F
memcpy@s1                                                         cstackCOMRAM 000018
memcpy@tmp                                                        cstackCOMRAM 00001C
pad@buf                                                           cstackCOMRAM 00002A
pad@fp                                                            cstackCOMRAM 000028
pad@i                                                             cstackCOMRAM 00002F
pad@p                                                             cstackCOMRAM 00002C
printf@ap                                                         cstackBANK0  0000EC
printf@fmt                                                        cstackBANK1  0001F9
putch@txData                                                      cstackCOMRAM 000017
saveAllSetting@gie_backup                                         cstackBANK0  0000EE
serialProc@ch                                                     cstackBANK0  0000F0
splitCmd@cmd                                                      cstackCOMRAM 00002C
splitCmd@i                                                        cstackCOMRAM 000034
splitCmd@p1                                                       cstackCOMRAM 00002E
splitCmd@p2                                                       cstackCOMRAM 000030
splitCmd@param1                                                   cstackCOMRAM 000027
splitCmd@param2                                                   cstackCOMRAM 000029
splitCmd@ret                                                      cstackCOMRAM 000032
splitCmd@src                                                      cstackCOMRAM 000025
stackhi                                                           (abs)        000000
stacklo                                                           (abs)        000000
start                                                             init         00012A
start_initialization                                              cinit        005676
strCmp@find                                                       cstackCOMRAM 000018
strCmp@i                                                          cstackCOMRAM 00001C
strCmp@src                                                        cstackCOMRAM 000016
strchr@c                                                          cstackCOMRAM 000018
strchr@s                                                          cstackCOMRAM 000016
strcpy@d                                                          cstackCOMRAM 00001A
strcpy@dest                                                       cstackCOMRAM 000016
strcpy@src                                                        cstackCOMRAM 000018
strcspn@c                                                         cstackCOMRAM 00001C
strcspn@i                                                         cstackCOMRAM 00001F
strcspn@s                                                         cstackCOMRAM 00001A
strspn@c                                                          cstackCOMRAM 00001C
strspn@i                                                          cstackCOMRAM 00001F
strspn@s                                                          cstackCOMRAM 00001A
strtok@p                                                          bssCOMRAM    000039
strtok@s                                                          cstackCOMRAM 000021
strtok@sep                                                        cstackCOMRAM 000023
tempProc@tempData                                                 cstackCOMRAM 000026
vfpfcnvrt@ap                                                      cstackBANK0  0000DA
vfpfcnvrt@c                                                       cstackBANK0  0000E4
vfpfcnvrt@convarg                                                 cstackBANK0  0000DE
vfpfcnvrt@cp                                                      cstackBANK0  0000E2
vfpfcnvrt@done                                                    cstackBANK0  0000DD
vfpfcnvrt@fmt                                                     cstackBANK0  0000D9
vfpfcnvrt@fp                                                      cstackBANK0  0000D7
vfprintf@ap                                                       cstackBANK0  0000E9
vfprintf@cfmt                                                     cstackBANK0  0000EA
vfprintf@fmt                                                      cstackBANK0  0000E7
vfprintf@fp                                                       cstackBANK0  0000E5


MODULE INFORMATION

Module		Function		Class		Link	Load	Size
mcc_generated_files/mtouch/mtouch_button.c
		_Button_Deviation_Update		CODE           	416C	0000	298
		_MTOUCH_Button_Initialize		CODE           	5A40	0000	104
		_MTOUCH_Button_InitializeAll		CODE           	6592	0000	54
		_Button_Baseline_Update		CODE           	44C6	0000	272
		_Button_State_Pressed		CODE           	55E0	0000	150
		_Button_Reading_Update		CODE           	66CA	0000	48
		_Button_DefaultCallback		CODE           	6C7C	0000	2
		_MTOUCH_Button_Reading_Get		CODE           	6526	0000	54
		_Button_State_NotPressed		CODE           	5034	0000	196
		_Button_Reading_Update_Helper		CODE           	5332	0000	182
		_Button_Service		CODE           	4CCE	0000	226
		_Button_State_Initializing		CODE           	4DB0	0000	222
		_MTOUCH_Button_ServiceAll		CODE           	6A2E	0000	28
		_Button_Baseline_Initialize		CODE           	5C34	0000	94

mcc_generated_files/mtouch/mtouch_button.c estimated size: 1930

C:\Program Files\Microchip\xc8\v3.10\pic\sources\c99\common\flge.c
		___flge        		CODE           	47E8	0000	262

C:\Program Files\Microchip\xc8\v3.10\pic\sources\c99\common\flge.c estimated size: 262

C:\Program Files\Microchip\xc8\v3.10\pic\sources\c99\common\strcspn.c
		_strcspn       		CODE           	5B0C	0000	100

C:\Program Files\Microchip\xc8\v3.10\pic\sources\c99\common\strcspn.c estimated size: 100

C:\Program Files\Microchip\xc8\v3.10\pic\sources\c99\common\awmod.c
		___awmod       		CODE           	53E8	0000	174

C:\Program Files\Microchip\xc8\v3.10\pic\sources\c99\common\awmod.c estimated size: 174

mcc_generated_files/fvr.c
		_FVR_Initialize		CODE           	6C4E	0000	8

mcc_generated_files/fvr.c estimated size: 8

C:\Program Files\Microchip\xc8\v3.10\pic\sources\c99\common\memcpy.c
		_memcpy        		CODE           	59D8	0000	104

C:\Program Files\Microchip\xc8\v3.10\pic\sources\c99\common\memcpy.c estimated size: 104

mcc_generated_files/i2c1_master.c
		_I2C1_Initialize		CODE           	6B74	0000	16

mcc_generated_files/i2c1_master.c estimated size: 16

mcc_generated_files/interrupt_manager.c
		_INTERRUPT_Initialize		CODE           	6C6E	0000	4
		_INTERRUPT_InterruptManager		CODE           	0008	0000	290

mcc_generated_files/interrupt_manager.c estimated size: 294

C:\Program Files\Microchip\xc8\v3.10\pic\sources\c99\common\abs.c
		_abs           		CODE           	65FE	0000	52

C:\Program Files\Microchip\xc8\v3.10\pic\sources\c99\common\abs.c estimated size: 52

snr_tcn75a.c
		_TEMP_Initialize		CODE           	6936	0000	32
		_TEMP_Read     		CODE           	67B2	0000	44

snr_tcn75a.c estimated size: 76

mcc_generated_files/tmr0.c
		_TMR0_SetInterruptHandler		CODE           	6BCA	0000	10
		_TMR0_DefaultInterruptHandler		CODE           	6C80	0000	2
		_TMR0_CallBack 		CODE           	6784	0000	46
		_TMR0_ISR      		CODE           	6B52	0000	18
		_TMR0_Initialize		CODE           	640A	0000	58

mcc_generated_files/tmr0.c estimated size: 134

C:\Program Files\Microchip\xc8\v3.10\pic\sources\c99\common\nf_fputs.c
		_fputs         		CODE           	61A0	0000	66

C:\Program Files\Microchip\xc8\v3.10\pic\sources\c99\common\nf_fputs.c estimated size: 66

mcc_generated_files/mtouch/mtouch.c
		_MTOUCH_Tick   		CODE           	6C78	0000	2
		_MTOUCH_Initialize		CODE           	69D6	0000	30
		_MTOUCH_Service_Mainloop		CODE           	5C92	0000	92
		_MTOUCH_ScanScheduler		CODE           	6AE2	0000	20
		_MTOUCH_needReburst		CODE           	6C72	0000	4

mcc_generated_files/mtouch/mtouch.c estimated size: 148

i2c.c
		_I2C_Write     		CODE           	6A78	0000	22
		_I2C_WriteR8D8 		CODE           	6666	0000	50
		_I2C_Stop      		CODE           	6B0A	0000	18
		_I2C_Wait      		CODE           	6856	0000	38
		_I2C_Read      		CODE           	6ACE	0000	20
		_I2C_ReadR8D8  		CODE           	61E2	0000	66
		_I2C_ReadR8D16 		CODE           	5CEE	0000	88
		_I2C_Ack       		CODE           	6ABA	0000	20
		_I2C_Nack      		CODE           	6A8E	0000	22
		_I2C_Initialize		CODE           	6A12	0000	28
		_I2C_Start     		CODE           	6B1C	0000	18
		_I2C_Restart   		CODE           	6B2E	0000	18

i2c.c estimated size: 408

mcc_generated_files/pin_manager.c
		_PIN_MANAGER_Initialize		CODE           	5E48	0000	86

mcc_generated_files/pin_manager.c estimated size: 86

C:\Program Files\Microchip\xc8\v3.10\pic\sources\c99\common\strtok.c
		_strtok        		CODE           	4E8E	0000	220

C:\Program Files\Microchip\xc8\v3.10\pic\sources\c99\common\strtok.c estimated size: 220

C:\Program Files\Microchip\xc8\v3.10\pic\sources\c99\common\printf.c
		_printf        		CODE           	68EE	0000	36

C:\Program Files\Microchip\xc8\v3.10\pic\sources\c99\common\printf.c estimated size: 36

C:\Program Files\Microchip\xc8\v3.10\pic\sources\c99\common\floorf.c
		_floorf        		CODE           	2E56	0000	534

C:\Program Files\Microchip\xc8\v3.10\pic\sources\c99\common\floorf.c estimated size: 534

C:\Program Files\Microchip\xc8\v3.10\pic\sources\c99\common\awdiv.c
		___awdiv       		CODE           	51B8	0000	192

C:\Program Files\Microchip\xc8\v3.10\pic\sources\c99\common\awdiv.c estimated size: 192

C:\Program Files\Microchip\xc8\v3.10\pic\sources\c99\common\__fpclassifyf.c
		___fpclassifyf 		CODE           	4AEC	0000	248

C:\Program Files\Microchip\xc8\v3.10\pic\sources\c99\common\__fpclassifyf.c estimated size: 248

C:\Program Files\Microchip\xc8\v3.10\pic\sources\c99\common\fltol.c
		___fltol       		CODE           	46E0	0000	264

C:\Program Files\Microchip\xc8\v3.10\pic\sources\c99\common\fltol.c estimated size: 264

C:\Program Files\Microchip\xc8\v3.10\pic\sources\c99\common\atoi.c
		_atoi          		CODE           	4296	0000	282

C:\Program Files\Microchip\xc8\v3.10\pic\sources\c99\common\atoi.c estimated size: 282

C:\Program Files\Microchip\xc8\v3.10\pic\sources\c99\common\aldiv.c
		___aldiv       		CODE           	45D6	0000	266

C:\Program Files\Microchip\xc8\v3.10\pic\sources\c99\common\aldiv.c estimated size: 266

C:\Program Files\Microchip\xc8\v3.10\pic\sources\c99\common\sprcmul.c
		___flmul       		CODE           	1ADE	0000	1064

C:\Program Files\Microchip\xc8\v3.10\pic\sources\c99\common\sprcmul.c estimated size: 1064

C:\Program Files\Microchip\xc8\v3.10\pic\sources\c99\common\fleq.c
		___fleq        		CODE           	5496	0000	170

C:\Program Files\Microchip\xc8\v3.10\pic\sources\c99\common\fleq.c estimated size: 170

C:\Program Files\Microchip\xc8\v3.10\pic\sources\c99\common\xxtofl.c
		___xxtofl      		CODE           	3800	0000	436

C:\Program Files\Microchip\xc8\v3.10\pic\sources\c99\common\xxtofl.c estimated size: 436

C:\Program Files\Microchip\xc8\v3.10\pic\sources\c99\common\sprcdiv.c
		___fldiv       		CODE           	1F06	0000	912

C:\Program Files\Microchip\xc8\v3.10\pic\sources\c99\common\sprcdiv.c estimated size: 912

shared
		i2_Sensor_scheduleNextScan		CODE           	3CE2	0000	404
		i2_Sensor_isCalibrated		CODE           	69B6	0000	32
		i2_abs         		CODE           	6632	0000	52
		i2_Sensor_isCalibratingAcqTime		CODE           	6996	0000	32
		__initialization		CODE           	5676	0000	136
		_mtouch_button_init		MEDIUMCONST    	FE57	0000	16
		_mtouch_sensor_init		MEDIUMCONST    	FE67	0000	9
		_i2c1_fsmStateTable		MEDIUMCONST    	FE27	0000	32
		TEMP_Calucation@F62		MEDIUMCONST    	FE47	0000	16
		i2_Sensor_SetTrisBit		CODE           	64EE	0000	56
		i2_MTOUCH_Sensor_wasSampled		CODE           	6358	0000	60
		i2_MTOUCH_Sensor_isEnabled		CODE           	6394	0000	60

shared estimated size: 905

mcc_generated_files/eusart1.c
		_EUSART1_SetRxInterruptHandler		CODE           	6BDE	0000	10
		_EUSART1_SetTxInterruptHandler		CODE           	6BD4	0000	10
		_EUSART1_is_rx_ready		CODE           	6A62	0000	22
		_EUSART1_Initialize		CODE           	5902	0000	110
		_putch         		CODE           	6BC0	0000	10
		_EUSART1_DefaultErrorHandler		CODE           	6C68	0000	6
		_EUSART1_SetFramingErrorHandler		CODE           	6BF2	0000	10
		_EUSART1_Read  		CODE           	5EF4	0000	82
		_EUSART1_SetOverrunErrorHandler		CODE           	6BE8	0000	10
		_EUSART1_SetErrorHandler		CODE           	6BFC	0000	10
		_EUSART1_Write 		CODE           	5D9C	0000	86
		_EUSART1_Receive_ISR		CODE           	5278	0000	186
		_getch         		CODE           	6BA4	0000	14
		_EUSART1_RxDataHandler		CODE           	682E	0000	40
		_EUSART1_DefaultOverrunErrorHandler		CODE           	6C62	0000	6
		_EUSART1_Transmit_ISR		CODE           	6264	0000	64
		_EUSART1_DefaultFramingErrorHandler		CODE           	6C82	0000	2

mcc_generated_files/eusart1.c estimated size: 678

mcc_generated_files/mcc.c
		_PMD_Initialize		CODE           	6B64	0000	16
		_OSCILLATOR_Initialize		CODE           	6B40	0000	18
		_SYSTEM_Initialize		CODE           	6728	0000	46

mcc_generated_files/mcc.c estimated size: 80

C:\Program Files\Microchip\xc8\v3.10\pic\sources\c99\common\strchr.c
		_strchr        		CODE           	5D46	0000	86

C:\Program Files\Microchip\xc8\v3.10\pic\sources\c99\common\strchr.c estimated size: 86

C:\Program Files\Microchip\xc8\v3.10\pic\sources\c99\common\strcpy.c
		_strcpy        		CODE           	63D0	0000	58

C:\Program Files\Microchip\xc8\v3.10\pic\sources\c99\common\strcpy.c estimated size: 58

C:\Program Files\Microchip\xc8\v3.10\pic\sources\c99\common\nf_fputc.c
		_fputc         		CODE           	4F6A	0000	202

C:\Program Files\Microchip\xc8\v3.10\pic\sources\c99\common\nf_fputc.c estimated size: 202

mcc_generated_files/tmr1.c
		_TMR1_Initialize		CODE           	6224	0000	64
		_TMR1_SetInterruptHandler		CODE           	6C10	0000	10
		_TMR1_DefaultInterruptHandler		CODE           	6C7E	0000	2
		_TMR1_CallBack 		CODE           	6756	0000	46
		_TMR1_WriteTimer		CODE           	6806	0000	40
		_TMR1_ISR      		CODE           	6AA4	0000	22

mcc_generated_files/tmr1.c estimated size: 184

tick_cnt.c
		_Tick_Count_Initialize		CODE           	49F0	0000	252
		_Tick_Count    		CODE           	39B4	0000	410
		_Tick_Count_ISR		CODE           	3FF2	0000	378

tick_cnt.c estimated size: 1040

mcc_generated_files/memory.c
		_DATAEE_WriteByte		CODE           	6118	0000	68
		_DATAEE_ReadByte		CODE           	6A4A	0000	24

mcc_generated_files/memory.c estimated size: 92

C:\Program Files\Microchip\xc8\v3.10\pic\sources\c99\common\flneg.c
		___flneg       		CODE           	647E	0000	56

C:\Program Files\Microchip\xc8\v3.10\pic\sources\c99\common\flneg.c estimated size: 56

mcc_generated_files/adcc.c
		_ADCC_DefaultInterruptHandler		CODE           	6C84	0000	2
		_ADCC_SetADTIInterruptHandler		CODE           	6C1A	0000	10
		_ADCC_GetSingleConversion		CODE           	66FA	0000	46
		_ADCC_ThresholdISR		CODE           	6698	0000	50
		_ADCC_Initialize		CODE           	615C	0000	68

mcc_generated_files/adcc.c estimated size: 176

C:\Program Files\Microchip\xc8\v3.10\pic\sources\c99\common\doprnt.c
		_vfpfcnvrt     		CODE           	2604	0000	862
		_efgtoa        		CODE           	012E	0000	2534
		_pad           		CODE           	5970	0000	104
		_vfprintf      		CODE           	6086	0000	74

C:\Program Files\Microchip\xc8\v3.10\pic\sources\c99\common\doprnt.c estimated size: 3574

main.c
		_DetectChemicalOut		CODE           	6C36	0000	8
		_AllState_off  		CODE           	6C46	0000	8
		_saveAllSetting		CODE           	2962	0000	714
		_tempProc      		CODE           	5796	0000	124
		_monitoringProc		CODE           	2C2C	0000	554
		_serialProc    		CODE           	50F8	0000	192
		_main          		CODE           	3268	0000	488
		_eepromDump    		CODE           	5708	0000	142
		_referenceCalibration		CODE           	5F46	0000	82
		_cmdProc       		CODE           	0B14	0000	1586
		_loadInitSetting		CODE           	2296	0000	878
		_baseline_Correction		CODE           	306C	0000	508
		_varRegistanceProc		CODE           	3E76	0000	380
		_DetectWaterOut		CODE           	6C2E	0000	8
		_Reading_Get_Proc		CODE           	4BE4	0000	234
		_makeTimmingCallBack		CODE           	6BB2	0000	14
		_AVG_Fitering  		CODE           	1146	0000	1250
		_DetctNormalOut		CODE           	6C3E	0000	8
		_showstate     		CODE           	603A	0000	76
		_referenceCorrection		CODE           	5812	0000	122

main.c estimated size: 7376

C:\Program Files\Microchip\xc8\v3.10\pic\sources\c99\common\labs.c
		_labs          		CODE           	5DF2	0000	86

C:\Program Files\Microchip\xc8\v3.10\pic\sources\c99\common\labs.c estimated size: 86

system.c
		_splitCmd      		CODE           	43B0	0000	278
		_strCmp        		CODE           	5B70	0000	98
		_chkCmd        		CODE           	588C	0000	118

system.c estimated size: 494

C:\Program Files\Microchip\xc8\v3.10\pic\sources\c99\common\strspn.c
		_strspn        		CODE           	5AA8	0000	100

C:\Program Files\Microchip\xc8\v3.10\pic\sources\c99\common\strspn.c estimated size: 100

C:\Program Files\Microchip\xc8\v3.10\pic\sources\c99\common\sprcadd.c
		___flsub       		CODE           	60D0	0000	72
		___fladd       		CODE           	1628	0000	1206

C:\Program Files\Microchip\xc8\v3.10\pic\sources\c99\common\sprcadd.c estimated size: 1278

mcc_generated_files/mtouch/mtouch_sensor.c
		_MTOUCH_Sensor_isSamplingComplete		CODE           	5BD2	0000	98
		_Sensor_setCalibrated		CODE           	69F4	0000	30
		_MTOUCH_Sensor_isEnabled		CODE           	62A4	0000	60
		_Sensor_FrequencyHopping_Autotune_Process		CODE           	3630	0000	464
		_Sensor_isCalibrated		CODE           	6976	0000	32
		_MTOUCH_Sensor_Initialize		CODE           	6912	0000	36
		_Sensor_scheduleNextScan		CODE           	3B4E	0000	404
		_Sensor_Sampled_Reset		CODE           	6B84	0000	16
		_MTOUCH_Sensor_InitializeAll		CODE           	655C	0000	54
		_MTOUCH_Sensor_Service		CODE           	48EE	0000	258
		_Sensor_DefaultCallback		CODE           	6C7A	0000	2
		_MTOUCH_Sensor_ADCC_Initialize		CODE           	6444	0000	58
		_MTOUCH_Sensor_postAcquisitionProcess		CODE           	5FEA	0000	80
		_medianFilter  		CODE           	3450	0000	480
		_MTOUCH_Sensor_isCalibrated		CODE           	631C	0000	60
		_MTOUCH_Sensor_Calibrate		CODE           	68C8	0000	38
		_MTOUCH_Sensor_Sampled_ResetAll		CODE           	5F98	0000	82
		_MTOUCH_Sensor_Enable		CODE           	68A2	0000	38
		_Sensor_setSampled		CODE           	6B94	0000	16
		_Sensor_isCalibratingAcqTime		CODE           	6956	0000	32
		_MTOUCH_Sensor_RawSample_Get		CODE           	65C8	0000	54
		_MTOUCH_Sensor_SampleAll		CODE           	687C	0000	38
		_MTOUCH_Sensor_wasSampled		CODE           	62E0	0000	60
		_Sensor_SetTrisBit		CODE           	64B6	0000	56
		_MTOUCH_Sensor_Scan_Initialize		CODE           	6C5C	0000	6
		_ADCC_ThresholdISR_mTouch		CODE           	6C24	0000	10
		_Sensor_RawSample_Update		CODE           	5E9E	0000	86
		_MTOUCH_Sensor_isSampling		CODE           	6C56	0000	6
		_Sensor_setSamplePeriod		CODE           	67DE	0000	40
		_Sensor_FrequencyHopping		CODE           	6C06	0000	10

mcc_generated_files/mtouch/mtouch_sensor.c estimated size: 2704

